******************************************************************************
              TMS320C55x Linker PC v4.3.6                      
******************************************************************************
>> Linked Wed Jan 18 17:37:55 2017

OUTPUT FILE NAME:   <Lab2_FuncGen.out>
ENTRY POINT SYMBOL: "_c_int00"  address: 000206d7


MEMORY CONFIGURATION

         name            origin    length      used     unused   attr    fill
                        (bytes)   (bytes)    (bytes)   (bytes)
----------------------  --------  ---------  --------  --------  ----  --------
PAGE 0:
  MMR                   00000000   000000c0  00000000  000000c0  RWIX
  DARAM0                000000c0   0000ff40  0000302e  0000cf12  RWIX
  SARAM0                00010000   00010000  00000000  00010000  RWIX
  SARAM1                00020000   00020000  00000727  0001f8d9  RWIX
  SARAM2                00040000   00010000  00000032  0000ffce  RWIX
  PDROM                 00ff8000   00008000  00000100  00007f00  R IX

PAGE 2:
  IOPORT                00000000   00020000  00000000  00020000  RWI 


SECTION ALLOCATION MAP
(Addresses surrounded by []'s are displayed for convenience only!)

output                                                          attributes/
section   page  orgn(bytes) orgn(words) len(bytes) len(words)   input sections
--------  ----  ----------- ----------- ---------- ----------   --------------
.pinit       0   [ 00040000 ]  00020000          *   00000000   UNINITIALIZED

.stack       0   [ 000000c0 ]  00000060          *   00001000   UNINITIALIZED
                 [ 000000c0 ]  00000060          *   00001000   --HOLE--

.data        0   [ 000000c0 ]  00000060          *   00000000   UNINITIALIZED

.sysstack 
*            0   [ 000020c0 ]  00001060          *   00000800   UNINITIALIZED
                 [ 000020c0 ]  00001060          *   00000800   --HOLE--

.const       0   [ 000030c0 ]  00001860          *   0000000e   
                 [ 000030c0 ]  00001860          *   00000007   main_saregama.obj (.const:_$P$T0$1)
                 [ 000030ce ]  00001867          *   00000007   main_saregama.obj (.const:_$P$T1$2)

.bss         0   [ 000030dc ]  0000186e          *   00000009   UNINITIALIZED
                 [ 000030dc ]  0000186e          *   00000004   rts55x.lib : _lock.obj (.bss)
                 [ 000030e4 ]  00001872          *   00000004              : exit.obj (.bss)
                 [ 000030ec ]  00001876          *   00000001   usbstk5515bsl.lib : usbstk5515_i2c.obj (.bss)

.text        0     00020000  [ 00010000 ] 00000727          *   
                   00020000  [ 00010000 ] 00000319          *   main_saregama.obj (.text)
                   00020319  [ 0001018c+] 00000156          *   usbstk5515bsl.lib : usbstk5515_gpio.obj (.text)
                   0002046f  [ 00010237+] 0000013e          *                     : usbstk5515_i2c.obj (.text)
                   000205ad  [ 000102d6+] 00000054          *                     : usbstk5515.obj (.text)
                   00020601  [ 00010300+] 0000004d          *   rts55x.lib : autoinit.obj (.text)
                   0002064e  [ 00010327 ] 0000004b          *              : args_main.obj (.text)
                   00020699  [ 0001034c+] 0000003e          *              : exit.obj (.text)
                   000206d7  [ 0001036b+] 00000034          *              : boot.obj (.text)
                   0002070b  [ 00010385+] 00000012          *              : _lock.obj (.text)
                   0002071d  [ 0001038e+] 00000007          *              : exit.obj (.text:CIO_breakpoint)
                   00020724  [ 00010392 ] 00000002          *              : vectors.obj (.text)
                   00020726  [ 00010393 ] 00000001          *   --HOLE-- [fill = 20]

.cinit       0   [ 00040000 ]  00020000          *   00000019   
                 [ 00040000 ]  00020000          *   0000000a   rts55x.lib : _lock.obj (.cinit)
                 [ 00040014 ]  0002000a          *   0000000a              : exit.obj (.cinit)
                 [ 00040028 ]  00020014          *   00000004   usbstk5515bsl.lib : usbstk5515_i2c.obj (.cinit)
                 [ 00040030 ]  00020018          *   00000001   --HOLE-- [fill = 0]

vectors      0     00ffff00  [ 007fff80 ] 00000100          *   
                   00ffff00  [ 007fff80 ] 00000100          *   rts55x.lib : vectors.obj (vectors)


GLOBAL SYMBOLS: SORTED ALPHABETICALLY BY Name 

abs. value/
byte addr   word addr   name
---------   ---------   ----
00000002                $TI_capability$C5500$CallingConvention
00000002                $TI_capability$C5500$MemoryModel
00000001                $TI_capability_requires_rev3
ffffffff                .bss
ffffffff                .data
ffffffff                .text
0002071e                C$$EXIT
0002006d                _AIC3204_config
00020000                _AIC3204_rget
0002004b                _AIC3204_rset
00ffff00                _Reset
00020417                _USBSTK5515_GPIO_getInput
00020319                _USBSTK5515_GPIO_init
0002031d                _USBSTK5515_GPIO_setDirection
0002039a                _USBSTK5515_GPIO_setOutput
0002048e                _USBSTK5515_I2C_close
0002046f                _USBSTK5515_I2C_init
00020534                _USBSTK5515_I2C_read
00020497                _USBSTK5515_I2C_reset
000204a5                _USBSTK5515_I2C_write
000205f3                _USBSTK5515_init
000205ad                _USBSTK5515_wait
000205e1                _USBSTK5515_waitusec
            00001060    __STACK_END
00002000                __STACK_SIZE
00001000                __SYSSTACK_SIZE
ffffffff                ___binit__
ffffffff                ___bss__
ffffffff                ___c_args__
            00020000    ___cinit__
ffffffff                ___data__
ffffffff                ___edata__
ffffffff                ___end__
ffffffff                ___etext__
ffffffff                ___pinit__
ffffffff                ___text__
0002064e                __args_main
            00001872    __cleanup_ptr
            00001874    __dtors_ptr
            0000186e    __lock
0002071b                __nop
00020713                __register_lock
0002070b                __register_unlock
            00000060    __stack
            00001060    __sysstack
            00001870    __unlock
0002071d                _abort
00020601                _auto_init
000206d7                _c_int00
00020699                _exit
            00001876    _i2c_timeout
0002022c                _main
0002020b                _transmit
ffffffff                binit
            00020000    cinit
ffffffff                edata
ffffffff                end
ffffffff                etext
ffffffff                pinit


GLOBAL SYMBOLS: SORTED BY Symbol Address 

abs. value/
byte addr   word addr   name
---------   ---------   ----
00000001                $TI_capability_requires_rev3
00000002                $TI_capability$C5500$CallingConvention
00000002                $TI_capability$C5500$MemoryModel
            00000060    __stack
00001000                __SYSSTACK_SIZE
00002000                __STACK_SIZE
            00001060    __STACK_END
            00001060    __sysstack
            0000186e    __lock
            00001870    __unlock
            00001872    __cleanup_ptr
            00001874    __dtors_ptr
            00001876    _i2c_timeout
00020000                _AIC3204_rget
0002004b                _AIC3204_rset
0002006d                _AIC3204_config
0002020b                _transmit
0002022c                _main
00020319                _USBSTK5515_GPIO_init
0002031d                _USBSTK5515_GPIO_setDirection
0002039a                _USBSTK5515_GPIO_setOutput
00020417                _USBSTK5515_GPIO_getInput
0002046f                _USBSTK5515_I2C_init
0002048e                _USBSTK5515_I2C_close
00020497                _USBSTK5515_I2C_reset
000204a5                _USBSTK5515_I2C_write
00020534                _USBSTK5515_I2C_read
000205ad                _USBSTK5515_wait
000205e1                _USBSTK5515_waitusec
000205f3                _USBSTK5515_init
00020601                _auto_init
0002064e                __args_main
00020699                _exit
000206d7                _c_int00
0002070b                __register_unlock
00020713                __register_lock
0002071b                __nop
0002071d                _abort
0002071e                C$$EXIT
            00020000    ___cinit__
            00020000    cinit
00ffff00                _Reset
ffffffff                .bss
ffffffff                .data
ffffffff                .text
ffffffff                ___binit__
ffffffff                ___bss__
ffffffff                ___c_args__
ffffffff                ___data__
ffffffff                ___edata__
ffffffff                ___end__
ffffffff                ___etext__
ffffffff                ___pinit__
ffffffff                ___text__
ffffffff                binit
ffffffff                edata
ffffffff                end
ffffffff                etext
ffffffff                pinit

[59 symbols]
