******************************************************************************
              TMS320C55x Linker Unix v4.4.1                    
******************************************************************************
>> Linked Wed Mar  1 17:11:42 2017

OUTPUT FILE NAME:   <Lab5_3.out>
ENTRY POINT SYMBOL: "_c_int00"  address: 00020242


MEMORY CONFIGURATION

         name            origin    length      used     unused   attr    fill
                        (bytes)   (bytes)    (bytes)   (bytes)
----------------------  --------  ---------  --------  --------  ----  --------
PAGE 0:
  MMR                   00000000   000000c0  00000000  000000c0  RWIX
  DARAM0                000000c0   0000ff40  000030f2  0000ce4e  RWIX
  SARAM0                00010000   00010000  00000000  00010000  RWIX
  SARAM1                00020000   00020000  00000292  0001fd6e  RWIX
  SARAM2                00040000   0000fe00  0000002a  0000fdd6  RWIX
  VECS                  0004fe00   00000200  00000100  00000100  RWIX
  PDROM                 00ff8000   00008000  00000000  00008000  R IX

PAGE 2:
  IOPORT                00000000   00020000  00000000  00020000  RWI 


SECTION ALLOCATION MAP
(Addresses surrounded by []'s are displayed for convenience only!)

output                                                          attributes/
section   page  orgn(bytes) orgn(words) len(bytes) len(words)   input sections
--------  ----  ----------- ----------- ---------- ----------   --------------
.pinit       0   [ 00040000 ]  00020000          *   00000000   UNINITIALIZED

.stack       0   [ 000000c0 ]  00000060          *   00001000   UNINITIALIZED
                 [ 000000c0 ]  00000060          *   00001000   --HOLE--

.sysstack 
*            0   [ 000020c0 ]  00001060          *   00000800   UNINITIALIZED
                 [ 000020c0 ]  00001060          *   00000800   --HOLE--

.bss         0   [ 000030c0 ]  00001860          *   0000006c   UNINITIALIZED
                 [ 000030c0 ]  00001860          *   00000064   overflow.obj (.bss)
                 [ 00003188 ]  000018c4          *   00000004   rts55x.lib : _lock.obj (.bss)
                 [ 00003190 ]  000018c8          *   00000004              : exit.obj (.bss)

.data        0   [ 000031a0 ]  000018d0          *   0000000d   
                 [ 000031a0 ]  000018d0          *   0000000d   linearbuff.obj (.data)

.text        0     00020000  [ 00010000 ] 00000292          *   
                   00020000  [ 00010000 ] 000000de          *   overflow.obj (.text)
                   000200de  [ 0001006f ] 00000054          *   usbstk5515bsl.lib : usbstk5515.obj (.text)
                   00020132  [ 00010099 ] 0000004d          *   rts55x.lib : autoinit.obj (.text)
                   0002017f  [ 000100bf+] 0000004b          *              : args_main.obj (.text)
                   000201ca  [ 000100e5 ] 0000003e          *              : exit.obj (.text)
                   00020208  [ 00010104 ] 0000003a          *   linearbuff.obj (.text)
                   00020242  [ 00010121 ] 00000034          *   rts55x.lib : boot.obj (.text)
                   00020276  [ 0001013b ] 00000012          *              : _lock.obj (.text)
                   00020288  [ 00010144 ] 00000007          *              : exit.obj (.text:CIO_breakpoint)
                   0002028f  [ 00010147+] 00000002          *              : vectors.obj (.text)
                   00020291  [ 00010148 ] 00000001          *   --HOLE-- [fill = 20]

.cinit       0   [ 00040000 ]  00020000          *   00000015   
                 [ 00040000 ]  00020000          *   0000000a   rts55x.lib : _lock.obj (.cinit)
                 [ 00040014 ]  0002000a          *   0000000a              : exit.obj (.cinit)
                 [ 00040028 ]  00020014          *   00000001   --HOLE-- [fill = 0]

vectors      0     0004fe00  [ 00027f00 ] 00000100          *   
                   0004fe00  [ 00027f00 ] 00000100          *   rts55x.lib : vectors.obj (vectors)


GLOBAL SYMBOLS: SORTED ALPHABETICALLY BY Name 

abs. value/
byte addr   word addr   name
---------   ---------   ----
00000002                $TI_capability$C5500$CallingConvention
00000002                $TI_capability$C5500$MemoryModel
00000001                $TI_capability_requires_rev3
ffffffff                .bss
ffffffff                .data
ffffffff                .text
00020289                C$$EXIT
0004fe00                _Reset
00020124                _USBSTK5515_init
000200de                _USBSTK5515_wait
00020112                _USBSTK5515_waitusec
            00001060    __STACK_END
00002000                __STACK_SIZE
00001000                __SYSSTACK_SIZE
00000001                __TI_args_main
ffffffff                ___binit__
ffffffff                ___bss__
ffffffff                ___c_args__
            00020000    ___cinit__
ffffffff                ___data__
ffffffff                ___edata__
ffffffff                ___end__
ffffffff                ___etext__
ffffffff                ___pinit__
ffffffff                ___text__
0002017f                __args_main
            000018c8    __cleanup_ptr
            000018ca    __dtors_ptr
            000018c4    __lock
00020286                __nop
0002027e                __register_lock
00020276                __register_unlock
            00000060    __stack
            00001060    __sysstack
            000018c6    __unlock
00020288                _abort
00020132                _auto_init
00020242                _c_int00
            00001864    _coeff
            000018b8    _coefs
000201ca                _exit
            00001860    _inPtr
            00001866    _input
            00001868    _input_syn
00020208                _linearbuff
00020000                _main
            00001890    _out
            00001862    _outPtr
            00001867    _output
ffffffff                binit
            00020000    cinit
ffffffff                edata
ffffffff                end
ffffffff                etext
ffffffff                pinit


GLOBAL SYMBOLS: SORTED BY Symbol Address 

abs. value/
byte addr   word addr   name
---------   ---------   ----
00000001                $TI_capability_requires_rev3
00000001                __TI_args_main
00000002                $TI_capability$C5500$CallingConvention
00000002                $TI_capability$C5500$MemoryModel
            00000060    __stack
00001000                __SYSSTACK_SIZE
00002000                __STACK_SIZE
            00001060    __STACK_END
            00001060    __sysstack
            00001860    _inPtr
            00001862    _outPtr
            00001864    _coeff
            00001866    _input
            00001867    _output
            00001868    _input_syn
            00001890    _out
            000018b8    _coefs
            000018c4    __lock
            000018c6    __unlock
            000018c8    __cleanup_ptr
            000018ca    __dtors_ptr
00020000                _main
000200de                _USBSTK5515_wait
00020112                _USBSTK5515_waitusec
00020124                _USBSTK5515_init
00020132                _auto_init
0002017f                __args_main
000201ca                _exit
00020208                _linearbuff
00020242                _c_int00
00020276                __register_unlock
0002027e                __register_lock
00020286                __nop
00020288                _abort
00020289                C$$EXIT
            00020000    ___cinit__
            00020000    cinit
0004fe00                _Reset
ffffffff                .bss
ffffffff                .data
ffffffff                .text
ffffffff                ___binit__
ffffffff                ___bss__
ffffffff                ___c_args__
ffffffff                ___data__
ffffffff                ___edata__
ffffffff                ___end__
ffffffff                ___etext__
ffffffff                ___pinit__
ffffffff                ___text__
ffffffff                binit
ffffffff                edata
ffffffff                end
ffffffff                etext
ffffffff                pinit

[55 symbols]
