******************************************************************************
              TMS320C55x Linker Unix v4.4.1                    
******************************************************************************
>> Linked Wed Feb  1 15:26:22 2017

OUTPUT FILE NAME:   <Lab_3.1.out>
ENTRY POINT SYMBOL: "_c_int00"  address: 00020762


MEMORY CONFIGURATION

         name            origin    length      used     unused   attr    fill
                        (bytes)   (bytes)    (bytes)   (bytes)
----------------------  --------  ---------  --------  --------  ----  --------
PAGE 0:
  MMR                   00000000   000000c0  00000000  000000c0  RWIX
  DARAM0                000000c0   0000ff40  0000311e  0000ce22  RWIX
  SARAM0                00010000   00010000  00000000  00010000  RWIX
  SARAM1                00020000   00020000  000007b2  0001f84e  RWIX
  SARAM2                00040000   0000fe00  0000006e  0000fd92  RWIX
  VECS                  0004fe00   00000200  00000100  00000100  RWIX
  PDROM                 00ff8000   00008000  00000000  00008000  R IX

PAGE 2:
  IOPORT                00000000   00020000  00000000  00020000  RWI 


SECTION ALLOCATION MAP
(Addresses surrounded by []'s are displayed for convenience only!)

output                                                          attributes/
section   page  orgn(bytes) orgn(words) len(bytes) len(words)   input sections
--------  ----  ----------- ----------- ---------- ----------   --------------
.pinit       0   [ 00040000 ]  00020000          *   00000000   UNINITIALIZED

.stack       0   [ 000000c0 ]  00000060          *   00001000   UNINITIALIZED
                 [ 000000c0 ]  00000060          *   00001000   --HOLE--

.data        0   [ 000000c0 ]  00000060          *   00000000   UNINITIALIZED

.sysstack 
*            0   [ 000020c0 ]  00001060          *   00000800   UNINITIALIZED
                 [ 000020c0 ]  00001060          *   00000800   --HOLE--

.bss         0   [ 000030c0 ]  00001860          *   0000008f   UNINITIALIZED
                 [ 000030c0 ]  00001860          *   00000086   main.obj (.bss)
                 [ 000031cc ]  000018e6          *   00000004   rts55x.lib : _lock.obj (.bss)
                 [ 000031d4 ]  000018ea          *   00000004              : exit.obj (.bss)
                 [ 000031dc ]  000018ee          *   00000001   usbstk5515bsl.lib : usbstk5515_i2c.obj (.bss)

.text        0     00020000  [ 00010000 ] 000007b2          *   
                   00020000  [ 00010000 ] 00000368          *   main.obj (.text)
                   00020368  [ 000101b4 ] 00000156          *   usbstk5515bsl.lib : usbstk5515_gpio.obj (.text)
                   000204be  [ 0001025f ] 0000013e          *                     : usbstk5515_i2c.obj (.text)
                   000205fc  [ 000102fe ] 00000054          *                     : usbstk5515.obj (.text)
                   00020650  [ 00010328 ] 0000004d          *   rts55x.lib : autoinit.obj (.text)
                   0002069d  [ 0001034e+] 0000004b          *              : args_main.obj (.text)
                   000206e8  [ 00010374 ] 0000003e          *              : exit.obj (.text)
                   00020726  [ 00010393 ] 0000003c          *              : idiv.obj (.text)
                   00020762  [ 000103b1 ] 00000034          *              : boot.obj (.text)
                   00020796  [ 000103cb ] 00000012          *              : _lock.obj (.text)
                   000207a8  [ 000103d4 ] 00000007          *              : exit.obj (.text:CIO_breakpoint)
                   000207af  [ 000103d7+] 00000002          *              : vectors.obj (.text)
                   000207b1  [ 000103d8 ] 00000001          *   --HOLE-- [fill = 20]

.cinit       0   [ 00040000 ]  00020000          *   00000037   
                 [ 00040000 ]  00020000          *   0000001e   main.obj (.cinit)
                 [ 0004003c ]  0002001e          *   0000000a   rts55x.lib : _lock.obj (.cinit)
                 [ 00040050 ]  00020028          *   0000000a              : exit.obj (.cinit)
                 [ 00040064 ]  00020032          *   00000004   usbstk5515bsl.lib : usbstk5515_i2c.obj (.cinit)
                 [ 0004006c ]  00020036          *   00000001   --HOLE-- [fill = 0]

vectors      0     0004fe00  [ 00027f00 ] 00000100          *   
                   0004fe00  [ 00027f00 ] 00000100          *   rts55x.lib : vectors.obj (vectors)


GLOBAL SYMBOLS: SORTED ALPHABETICALLY BY Name 

abs. value/
byte addr   word addr   name
---------   ---------   ----
00000002                $TI_capability$C5500$CallingConvention
00000002                $TI_capability$C5500$MemoryModel
00000001                $TI_capability_requires_rev3
ffffffff                .bss
ffffffff                .data
ffffffff                .text
000207a9                C$$EXIT
00020726                I$$DIV
00020745                I$$MOD
0002006d                _AIC3204_config
00020000                _AIC3204_rget
0002004b                _AIC3204_rset
0002020b                _HI
00020220                _LOW
0004fe00                _Reset
00020466                _USBSTK5515_GPIO_getInput
00020368                _USBSTK5515_GPIO_init
0002036c                _USBSTK5515_GPIO_setDirection
000203e9                _USBSTK5515_GPIO_setOutput
000204dd                _USBSTK5515_I2C_close
000204be                _USBSTK5515_I2C_init
00020583                _USBSTK5515_I2C_read
000204e6                _USBSTK5515_I2C_reset
000204f4                _USBSTK5515_I2C_write
00020642                _USBSTK5515_init
000205fc                _USBSTK5515_wait
00020630                _USBSTK5515_waitusec
            00001060    __STACK_END
00002000                __STACK_SIZE
00001000                __SYSSTACK_SIZE
00000001                __TI_args_main
ffffffff                ___binit__
ffffffff                ___bss__
ffffffff                ___c_args__
            00020000    ___cinit__
ffffffff                ___data__
ffffffff                ___edata__
ffffffff                ___end__
ffffffff                ___etext__
ffffffff                ___pinit__
ffffffff                ___text__
0002069d                __args_main
            000018ea    __cleanup_ptr
00020726                __divi
            000018ec    __dtors_ptr
            000018e6    __lock
000207a6                __nop
0002079e                __register_lock
00020796                __register_unlock
00020745                __remi
            00000060    __stack
            00001060    __sysstack
            000018e8    __unlock
000207a8                _abort
00020650                _auto_init
00020762                _c_int00
            00001864    _coeff
            00001866    _coefs
000206e8                _exit
            000018ee    _i2c_timeout
            00001860    _inPtr
            00001874    _input
            00001872    _leftsample
0002022e                _linearbuff
000202a5                _main
            00001862    _outPtr
            00001875    _output
            00001876    _recent_output
            00001873    _rightsample
ffffffff                binit
            00020000    cinit
ffffffff                edata
ffffffff                end
ffffffff                etext
ffffffff                pinit


GLOBAL SYMBOLS: SORTED BY Symbol Address 

abs. value/
byte addr   word addr   name
---------   ---------   ----
00000001                $TI_capability_requires_rev3
00000001                __TI_args_main
00000002                $TI_capability$C5500$CallingConvention
00000002                $TI_capability$C5500$MemoryModel
            00000060    __stack
00001000                __SYSSTACK_SIZE
00002000                __STACK_SIZE
            00001060    __STACK_END
            00001060    __sysstack
            00001860    _inPtr
            00001862    _outPtr
            00001864    _coeff
            00001866    _coefs
            00001872    _leftsample
            00001873    _rightsample
            00001874    _input
            00001875    _output
            00001876    _recent_output
            000018e6    __lock
            000018e8    __unlock
            000018ea    __cleanup_ptr
            000018ec    __dtors_ptr
            000018ee    _i2c_timeout
00020000                _AIC3204_rget
0002004b                _AIC3204_rset
0002006d                _AIC3204_config
0002020b                _HI
00020220                _LOW
0002022e                _linearbuff
000202a5                _main
00020368                _USBSTK5515_GPIO_init
0002036c                _USBSTK5515_GPIO_setDirection
000203e9                _USBSTK5515_GPIO_setOutput
00020466                _USBSTK5515_GPIO_getInput
000204be                _USBSTK5515_I2C_init
000204dd                _USBSTK5515_I2C_close
000204e6                _USBSTK5515_I2C_reset
000204f4                _USBSTK5515_I2C_write
00020583                _USBSTK5515_I2C_read
000205fc                _USBSTK5515_wait
00020630                _USBSTK5515_waitusec
00020642                _USBSTK5515_init
00020650                _auto_init
0002069d                __args_main
000206e8                _exit
00020726                I$$DIV
00020726                __divi
00020745                I$$MOD
00020745                __remi
00020762                _c_int00
00020796                __register_unlock
0002079e                __register_lock
000207a6                __nop
000207a8                _abort
000207a9                C$$EXIT
            00020000    ___cinit__
            00020000    cinit
0004fe00                _Reset
ffffffff                .bss
ffffffff                .data
ffffffff                .text
ffffffff                ___binit__
ffffffff                ___bss__
ffffffff                ___c_args__
ffffffff                ___data__
ffffffff                ___edata__
ffffffff                ___end__
ffffffff                ___etext__
ffffffff                ___pinit__
ffffffff                ___text__
ffffffff                binit
ffffffff                edata
ffffffff                end
ffffffff                etext
ffffffff                pinit

[75 symbols]
