<?xml version="1.0"?>
<link_info>
   <banner>TMS320C55x Linker Unix v4.4.1</banner>
   <copyright>Copyright (c) 1996-2012 Texas Instruments Incorporated</copyright>
   <link_time>0x58db89f3</link_time>
   <output_file>Lab9_3.out</output_file>
   <entry_point>
      <name>_c_int00</name>
      <address>0x24673</address>
   </entry_point>
   <input_file_list>
      <input_file id="fl-2">
         <path>./</path>
         <kind>object</kind>
         <file>bit_receiver.obj</file>
         <name>bit_receiver.obj</name>
      </input_file>
      <input_file id="fl-7">
         <path>/opt/ti/ccsv7/tools/compiler/c5500_4.4.1/lib/</path>
         <kind>archive</kind>
         <file>rts55x.lib</file>
         <name>boot.obj</name>
      </input_file>
      <input_file id="fl-8">
         <path>/opt/ti/ccsv7/tools/compiler/c5500_4.4.1/lib/</path>
         <kind>archive</kind>
         <file>rts55x.lib</file>
         <name>exit.obj</name>
      </input_file>
      <input_file id="fl-9">
         <path>/opt/ti/ccsv7/tools/compiler/c5500_4.4.1/lib/</path>
         <kind>archive</kind>
         <file>rts55x.lib</file>
         <name>printf.obj</name>
      </input_file>
      <input_file id="fl-a">
         <path>/opt/ti/ccsv7/tools/compiler/c5500_4.4.1/lib/</path>
         <kind>archive</kind>
         <file>rts55x.lib</file>
         <name>vectors.obj</name>
      </input_file>
      <input_file id="fl-b">
         <path>/opt/ti/ccsv7/tools/compiler/c5500_4.4.1/lib/</path>
         <kind>archive</kind>
         <file>rts55x.lib</file>
         <name>_lock.obj</name>
      </input_file>
      <input_file id="fl-c">
         <path>/opt/ti/ccsv7/tools/compiler/c5500_4.4.1/lib/</path>
         <kind>archive</kind>
         <file>rts55x.lib</file>
         <name>_printfi.obj</name>
      </input_file>
      <input_file id="fl-d">
         <path>/opt/ti/ccsv7/tools/compiler/c5500_4.4.1/lib/</path>
         <kind>archive</kind>
         <file>rts55x.lib</file>
         <name>args_main.obj</name>
      </input_file>
      <input_file id="fl-e">
         <path>/opt/ti/ccsv7/tools/compiler/c5500_4.4.1/lib/</path>
         <kind>archive</kind>
         <file>rts55x.lib</file>
         <name>atoi.obj</name>
      </input_file>
      <input_file id="fl-f">
         <path>/opt/ti/ccsv7/tools/compiler/c5500_4.4.1/lib/</path>
         <kind>archive</kind>
         <file>rts55x.lib</file>
         <name>autoinit.obj</name>
      </input_file>
      <input_file id="fl-10">
         <path>/opt/ti/ccsv7/tools/compiler/c5500_4.4.1/lib/</path>
         <kind>archive</kind>
         <file>rts55x.lib</file>
         <name>cmpd.obj</name>
      </input_file>
      <input_file id="fl-11">
         <path>/opt/ti/ccsv7/tools/compiler/c5500_4.4.1/lib/</path>
         <kind>archive</kind>
         <file>rts55x.lib</file>
         <name>ctype.obj</name>
      </input_file>
      <input_file id="fl-12">
         <path>/opt/ti/ccsv7/tools/compiler/c5500_4.4.1/lib/</path>
         <kind>archive</kind>
         <file>rts55x.lib</file>
         <name>defs.obj</name>
      </input_file>
      <input_file id="fl-13">
         <path>/opt/ti/ccsv7/tools/compiler/c5500_4.4.1/lib/</path>
         <kind>archive</kind>
         <file>rts55x.lib</file>
         <name>divd.obj</name>
      </input_file>
      <input_file id="fl-14">
         <path>/opt/ti/ccsv7/tools/compiler/c5500_4.4.1/lib/</path>
         <kind>archive</kind>
         <file>rts55x.lib</file>
         <name>divul.obj</name>
      </input_file>
      <input_file id="fl-15">
         <path>/opt/ti/ccsv7/tools/compiler/c5500_4.4.1/lib/</path>
         <kind>archive</kind>
         <file>rts55x.lib</file>
         <name>fixdi.obj</name>
      </input_file>
      <input_file id="fl-16">
         <path>/opt/ti/ccsv7/tools/compiler/c5500_4.4.1/lib/</path>
         <kind>archive</kind>
         <file>rts55x.lib</file>
         <name>fixdli.obj</name>
      </input_file>
      <input_file id="fl-17">
         <path>/opt/ti/ccsv7/tools/compiler/c5500_4.4.1/lib/</path>
         <kind>archive</kind>
         <file>rts55x.lib</file>
         <name>fltlid.obj</name>
      </input_file>
      <input_file id="fl-18">
         <path>/opt/ti/ccsv7/tools/compiler/c5500_4.4.1/lib/</path>
         <kind>archive</kind>
         <file>rts55x.lib</file>
         <name>fputc.obj</name>
      </input_file>
      <input_file id="fl-19">
         <path>/opt/ti/ccsv7/tools/compiler/c5500_4.4.1/lib/</path>
         <kind>archive</kind>
         <file>rts55x.lib</file>
         <name>fputs.obj</name>
      </input_file>
      <input_file id="fl-1a">
         <path>/opt/ti/ccsv7/tools/compiler/c5500_4.4.1/lib/</path>
         <kind>archive</kind>
         <file>rts55x.lib</file>
         <name>frcmpyd_div.obj</name>
      </input_file>
      <input_file id="fl-1b">
         <path>/opt/ti/ccsv7/tools/compiler/c5500_4.4.1/lib/</path>
         <kind>archive</kind>
         <file>rts55x.lib</file>
         <name>isinf.obj</name>
      </input_file>
      <input_file id="fl-1c">
         <path>/opt/ti/ccsv7/tools/compiler/c5500_4.4.1/lib/</path>
         <kind>archive</kind>
         <file>rts55x.lib</file>
         <name>llmpy.obj</name>
      </input_file>
      <input_file id="fl-1d">
         <path>/opt/ti/ccsv7/tools/compiler/c5500_4.4.1/lib/</path>
         <kind>archive</kind>
         <file>rts55x.lib</file>
         <name>lmpy.obj</name>
      </input_file>
      <input_file id="fl-1e">
         <path>/opt/ti/ccsv7/tools/compiler/c5500_4.4.1/lib/</path>
         <kind>archive</kind>
         <file>rts55x.lib</file>
         <name>lowlev.obj</name>
      </input_file>
      <input_file id="fl-1f">
         <path>/opt/ti/ccsv7/tools/compiler/c5500_4.4.1/lib/</path>
         <kind>archive</kind>
         <file>rts55x.lib</file>
         <name>ltoa.obj</name>
      </input_file>
      <input_file id="fl-20">
         <path>/opt/ti/ccsv7/tools/compiler/c5500_4.4.1/lib/</path>
         <kind>archive</kind>
         <file>rts55x.lib</file>
         <name>memccpy.obj</name>
      </input_file>
      <input_file id="fl-21">
         <path>/opt/ti/ccsv7/tools/compiler/c5500_4.4.1/lib/</path>
         <kind>archive</kind>
         <file>rts55x.lib</file>
         <name>memcpy.obj</name>
      </input_file>
      <input_file id="fl-22">
         <path>/opt/ti/ccsv7/tools/compiler/c5500_4.4.1/lib/</path>
         <kind>archive</kind>
         <file>rts55x.lib</file>
         <name>mpyd.obj</name>
      </input_file>
      <input_file id="fl-23">
         <path>/opt/ti/ccsv7/tools/compiler/c5500_4.4.1/lib/</path>
         <kind>archive</kind>
         <file>rts55x.lib</file>
         <name>negd.obj</name>
      </input_file>
      <input_file id="fl-24">
         <path>/opt/ti/ccsv7/tools/compiler/c5500_4.4.1/lib/</path>
         <kind>archive</kind>
         <file>rts55x.lib</file>
         <name>remli.obj</name>
      </input_file>
      <input_file id="fl-25">
         <path>/opt/ti/ccsv7/tools/compiler/c5500_4.4.1/lib/</path>
         <kind>archive</kind>
         <file>rts55x.lib</file>
         <name>remul.obj</name>
      </input_file>
      <input_file id="fl-26">
         <path>/opt/ti/ccsv7/tools/compiler/c5500_4.4.1/lib/</path>
         <kind>archive</kind>
         <file>rts55x.lib</file>
         <name>subd.obj</name>
      </input_file>
      <input_file id="fl-27">
         <path>/opt/ti/ccsv7/tools/compiler/c5500_4.4.1/lib/</path>
         <kind>archive</kind>
         <file>rts55x.lib</file>
         <name>trgdrv.obj</name>
      </input_file>
      <input_file id="fl-28">
         <path>/opt/ti/ccsv7/tools/compiler/c5500_4.4.1/lib/</path>
         <kind>archive</kind>
         <file>rts55x.lib</file>
         <name>trgmsg.obj</name>
      </input_file>
      <input_file id="fl-29">
         <path>/opt/ti/ccsv7/tools/compiler/c5500_4.4.1/lib/</path>
         <kind>archive</kind>
         <file>rts55x.lib</file>
         <name>udiv.obj</name>
      </input_file>
      <input_file id="fl-2a">
         <path>/opt/ti/ccsv7/tools/compiler/c5500_4.4.1/lib/</path>
         <kind>archive</kind>
         <file>rts55x.lib</file>
         <name>_io_perm.obj</name>
      </input_file>
      <input_file id="fl-2b">
         <path>/opt/ti/ccsv7/tools/compiler/c5500_4.4.1/lib/</path>
         <kind>archive</kind>
         <file>rts55x.lib</file>
         <name>addd.obj</name>
      </input_file>
      <input_file id="fl-2c">
         <path>/opt/ti/ccsv7/tools/compiler/c5500_4.4.1/lib/</path>
         <kind>archive</kind>
         <file>rts55x.lib</file>
         <name>divli.obj</name>
      </input_file>
      <input_file id="fl-2d">
         <path>/opt/ti/ccsv7/tools/compiler/c5500_4.4.1/lib/</path>
         <kind>archive</kind>
         <file>rts55x.lib</file>
         <name>fflush.obj</name>
      </input_file>
      <input_file id="fl-2e">
         <path>/opt/ti/ccsv7/tools/compiler/c5500_4.4.1/lib/</path>
         <kind>archive</kind>
         <file>rts55x.lib</file>
         <name>frcmpyd.obj</name>
      </input_file>
      <input_file id="fl-2f">
         <path>/opt/ti/ccsv7/tools/compiler/c5500_4.4.1/lib/</path>
         <kind>archive</kind>
         <file>rts55x.lib</file>
         <name>fseek.obj</name>
      </input_file>
      <input_file id="fl-30">
         <path>/opt/ti/ccsv7/tools/compiler/c5500_4.4.1/lib/</path>
         <kind>archive</kind>
         <file>rts55x.lib</file>
         <name>setvbuf.obj</name>
      </input_file>
      <input_file id="fl-31">
         <path>/opt/ti/ccsv7/tools/compiler/c5500_4.4.1/lib/</path>
         <kind>archive</kind>
         <file>rts55x.lib</file>
         <name>fopen.obj</name>
      </input_file>
      <input_file id="fl-32">
         <path>/opt/ti/ccsv7/tools/compiler/c5500_4.4.1/lib/</path>
         <kind>archive</kind>
         <file>rts55x.lib</file>
         <name>memory.obj</name>
      </input_file>
      <input_file id="fl-33">
         <path>/opt/ti/ccsv7/tools/compiler/c5500_4.4.1/lib/</path>
         <kind>archive</kind>
         <file>rts55x.lib</file>
         <name>fclose.obj</name>
      </input_file>
      <input_file id="fl-34">
         <path>/opt/ti/ccsv7/tools/compiler/c5500_4.4.1/lib/</path>
         <kind>archive</kind>
         <file>rts55x.lib</file>
         <name>remove.obj</name>
      </input_file>
      <input_file id="fl-35">
         <path>/home/agrim/Downloads/C5515_Support_Files/</path>
         <kind>archive</kind>
         <file>usbstk5515bsl.lib</file>
         <name>usbstk5515_i2c.obj</name>
      </input_file>
      <input_file id="fl-36">
         <path>/home/agrim/Downloads/C5515_Support_Files/</path>
         <kind>archive</kind>
         <file>usbstk5515bsl.lib</file>
         <name>usbstk5515_gpio.obj</name>
      </input_file>
      <input_file id="fl-37">
         <path>/home/agrim/Downloads/C5515_Support_Files/</path>
         <kind>archive</kind>
         <file>usbstk5515bsl.lib</file>
         <name>usbstk5515.obj</name>
      </input_file>
   </input_file_list>
   <object_component_list>
      <object_component id="oc-33">
         <name>.text</name>
         <load_address>0x20000</load_address>
         <run_address>0x20000</run_address>
         <size>0x15a4</size>
         <input_file_ref idref="fl-c"/>
      </object_component>
      <object_component id="oc-7d">
         <name>.text</name>
         <load_address>0x215a4</load_address>
         <run_address>0x215a4</run_address>
         <size>0x543</size>
         <input_file_ref idref="fl-1e"/>
      </object_component>
      <object_component id="oc-a3">
         <name>.text</name>
         <load_address>0x21ae7</load_address>
         <run_address>0x21ae7</run_address>
         <size>0x528</size>
         <input_file_ref idref="fl-27"/>
      </object_component>
      <object_component id="oc-d4">
         <name>.text</name>
         <load_address>0x2200f</load_address>
         <run_address>0x2200f</run_address>
         <size>0x4b5</size>
         <input_file_ref idref="fl-32"/>
      </object_component>
      <object_component id="oc-12">
         <name>.text</name>
         <load_address>0x224c4</load_address>
         <run_address>0x224c4</run_address>
         <size>0x450</size>
         <input_file_ref idref="fl-2"/>
      </object_component>
      <object_component id="oc-4f">
         <name>.text</name>
         <load_address>0x22914</load_address>
         <run_address>0x22914</run_address>
         <size>0x3cc</size>
         <input_file_ref idref="fl-13"/>
      </object_component>
      <object_component id="oc-ce">
         <name>.text</name>
         <load_address>0x22ce0</load_address>
         <run_address>0x22ce0</run_address>
         <size>0x27f</size>
         <input_file_ref idref="fl-31"/>
      </object_component>
      <object_component id="oc-75">
         <name>.text</name>
         <load_address>0x22f5f</load_address>
         <run_address>0x22f5f</run_address>
         <size>0x25e</size>
         <input_file_ref idref="fl-1c"/>
      </object_component>
      <object_component id="oc-b6">
         <name>.text</name>
         <load_address>0x231bd</load_address>
         <run_address>0x231bd</run_address>
         <size>0x25a</size>
         <input_file_ref idref="fl-2b"/>
      </object_component>
      <object_component id="oc-45">
         <name>.text</name>
         <load_address>0x23417</load_address>
         <run_address>0x23417</run_address>
         <size>0x1ea</size>
         <input_file_ref idref="fl-10"/>
      </object_component>
      <object_component id="oc-68">
         <name>.text</name>
         <load_address>0x23601</load_address>
         <run_address>0x23601</run_address>
         <size>0x163</size>
         <input_file_ref idref="fl-19"/>
      </object_component>
      <object_component id="oc-ea">
         <name>.text</name>
         <load_address>0x23764</load_address>
         <run_address>0x23764</run_address>
         <size>0x156</size>
         <input_file_ref idref="fl-36"/>
      </object_component>
      <object_component id="oc-8f">
         <name>.text</name>
         <load_address>0x238ba</load_address>
         <run_address>0x238ba</run_address>
         <size>0x14c</size>
         <input_file_ref idref="fl-22"/>
      </object_component>
      <object_component id="oc-e3">
         <name>.text</name>
         <load_address>0x23a06</load_address>
         <run_address>0x23a06</run_address>
         <size>0x13e</size>
         <input_file_ref idref="fl-35"/>
      </object_component>
      <object_component id="oc-ca">
         <name>.text</name>
         <load_address>0x23b44</load_address>
         <run_address>0x23b44</run_address>
         <size>0xe6</size>
         <input_file_ref idref="fl-30"/>
      </object_component>
      <object_component id="oc-b2">
         <name>.text</name>
         <load_address>0x23c2a</load_address>
         <run_address>0x23c2a</run_address>
         <size>0xdd</size>
         <input_file_ref idref="fl-2a"/>
      </object_component>
      <object_component id="oc-be">
         <name>.text</name>
         <load_address>0x23d07</load_address>
         <run_address>0x23d07</run_address>
         <size>0xc2</size>
         <input_file_ref idref="fl-2d"/>
      </object_component>
      <object_component id="oc-ab">
         <name>.text:CIO_breakpoint</name>
         <load_address>0x23dc9</load_address>
         <run_address>0x23dc9</run_address>
         <size>0xba</size>
         <input_file_ref idref="fl-28"/>
      </object_component>
      <object_component id="oc-64">
         <name>.text</name>
         <load_address>0x23e83</load_address>
         <run_address>0x23e83</run_address>
         <size>0xa6</size>
         <input_file_ref idref="fl-18"/>
      </object_component>
      <object_component id="oc-53">
         <name>.text</name>
         <load_address>0x23f29</load_address>
         <run_address>0x23f29</run_address>
         <size>0xa1</size>
         <input_file_ref idref="fl-14"/>
      </object_component>
      <object_component id="oc-83">
         <name>.text</name>
         <load_address>0x23fca</load_address>
         <run_address>0x23fca</run_address>
         <size>0x7d</size>
         <input_file_ref idref="fl-1f"/>
      </object_component>
      <object_component id="oc-db">
         <name>.text</name>
         <load_address>0x24047</load_address>
         <run_address>0x24047</run_address>
         <size>0x7b</size>
         <input_file_ref idref="fl-33"/>
      </object_component>
      <object_component id="oc-c2">
         <name>.text</name>
         <load_address>0x240c2</load_address>
         <run_address>0x240c2</run_address>
         <size>0x76</size>
         <input_file_ref idref="fl-2e"/>
      </object_component>
      <object_component id="oc-6d">
         <name>.text</name>
         <load_address>0x24138</load_address>
         <run_address>0x24138</run_address>
         <size>0x73</size>
         <input_file_ref idref="fl-1a"/>
      </object_component>
      <object_component id="oc-9b">
         <name>.text</name>
         <load_address>0x241ab</load_address>
         <run_address>0x241ab</run_address>
         <size>0x72</size>
         <input_file_ref idref="fl-25"/>
      </object_component>
      <object_component id="oc-5b">
         <name>.text</name>
         <load_address>0x2421d</load_address>
         <run_address>0x2421d</run_address>
         <size>0x6f</size>
         <input_file_ref idref="fl-16"/>
      </object_component>
      <object_component id="oc-a8">
         <name>.text</name>
         <load_address>0x2428c</load_address>
         <run_address>0x2428c</run_address>
         <size>0x6d</size>
         <input_file_ref idref="fl-28"/>
      </object_component>
      <object_component id="oc-c6">
         <name>.text</name>
         <load_address>0x242f9</load_address>
         <run_address>0x242f9</run_address>
         <size>0x6b</size>
         <input_file_ref idref="fl-2f"/>
      </object_component>
      <object_component id="oc-5f">
         <name>.text</name>
         <load_address>0x24364</load_address>
         <run_address>0x24364</run_address>
         <size>0x67</size>
         <input_file_ref idref="fl-17"/>
      </object_component>
      <object_component id="oc-3d">
         <name>.text</name>
         <load_address>0x243cb</load_address>
         <run_address>0x243cb</run_address>
         <size>0x5c</size>
         <input_file_ref idref="fl-e"/>
      </object_component>
      <object_component id="oc-ef">
         <name>.text</name>
         <load_address>0x24427</load_address>
         <run_address>0x24427</run_address>
         <size>0x54</size>
         <input_file_ref idref="fl-37"/>
      </object_component>
      <object_component id="oc-25">
         <name>.text</name>
         <load_address>0x2447b</load_address>
         <run_address>0x2447b</run_address>
         <size>0x50</size>
         <input_file_ref idref="fl-9"/>
      </object_component>
      <object_component id="oc-41">
         <name>.text</name>
         <load_address>0x244cb</load_address>
         <run_address>0x244cb</run_address>
         <size>0x4d</size>
         <input_file_ref idref="fl-f"/>
      </object_component>
      <object_component id="oc-39">
         <name>.text</name>
         <load_address>0x24518</load_address>
         <run_address>0x24518</run_address>
         <size>0x4b</size>
         <input_file_ref idref="fl-d"/>
      </object_component>
      <object_component id="oc-97">
         <name>.text</name>
         <load_address>0x24563</load_address>
         <run_address>0x24563</run_address>
         <size>0x4b</size>
         <input_file_ref idref="fl-24"/>
      </object_component>
      <object_component id="oc-ba">
         <name>.text</name>
         <load_address>0x245ae</load_address>
         <run_address>0x245ae</run_address>
         <size>0x48</size>
         <input_file_ref idref="fl-2c"/>
      </object_component>
      <object_component id="oc-8b">
         <name>.text</name>
         <load_address>0x245f6</load_address>
         <run_address>0x245f6</run_address>
         <size>0x3f</size>
         <input_file_ref idref="fl-21"/>
      </object_component>
      <object_component id="oc-1e">
         <name>.text</name>
         <load_address>0x24635</load_address>
         <run_address>0x24635</run_address>
         <size>0x3e</size>
         <input_file_ref idref="fl-8"/>
      </object_component>
      <object_component id="oc-10">
         <name>.text</name>
         <load_address>0x24673</load_address>
         <run_address>0x24673</run_address>
         <size>0x34</size>
         <input_file_ref idref="fl-7"/>
      </object_component>
      <object_component id="oc-57">
         <name>.text</name>
         <load_address>0x246a7</load_address>
         <run_address>0x246a7</run_address>
         <size>0x2a</size>
         <input_file_ref idref="fl-15"/>
      </object_component>
      <object_component id="oc-ae">
         <name>.text</name>
         <load_address>0x246d1</load_address>
         <run_address>0x246d1</run_address>
         <size>0x2a</size>
         <input_file_ref idref="fl-29"/>
      </object_component>
      <object_component id="oc-87">
         <name>.text</name>
         <load_address>0x246fb</load_address>
         <run_address>0x246fb</run_address>
         <size>0x23</size>
         <input_file_ref idref="fl-20"/>
      </object_component>
      <object_component id="oc-71">
         <name>.text</name>
         <load_address>0x2471e</load_address>
         <run_address>0x2471e</run_address>
         <size>0x1a</size>
         <input_file_ref idref="fl-1b"/>
      </object_component>
      <object_component id="oc-9f">
         <name>.text</name>
         <load_address>0x24738</load_address>
         <run_address>0x24738</run_address>
         <size>0x14</size>
         <input_file_ref idref="fl-26"/>
      </object_component>
      <object_component id="oc-79">
         <name>.text</name>
         <load_address>0x2474c</load_address>
         <run_address>0x2474c</run_address>
         <size>0x13</size>
         <input_file_ref idref="fl-1d"/>
      </object_component>
      <object_component id="oc-2d">
         <name>.text</name>
         <load_address>0x2475f</load_address>
         <run_address>0x2475f</run_address>
         <size>0x12</size>
         <input_file_ref idref="fl-b"/>
      </object_component>
      <object_component id="oc-93">
         <name>.text</name>
         <load_address>0x24771</load_address>
         <run_address>0x24771</run_address>
         <size>0x10</size>
         <input_file_ref idref="fl-23"/>
      </object_component>
      <object_component id="oc-df">
         <name>.text</name>
         <load_address>0x24781</load_address>
         <run_address>0x24781</run_address>
         <size>0xa</size>
         <input_file_ref idref="fl-34"/>
      </object_component>
      <object_component id="oc-22">
         <name>.text:CIO_breakpoint</name>
         <load_address>0x2478b</load_address>
         <run_address>0x2478b</run_address>
         <size>0x7</size>
         <input_file_ref idref="fl-8"/>
      </object_component>
      <object_component id="oc-29">
         <name>.text</name>
         <load_address>0x24792</load_address>
         <run_address>0x24792</run_address>
         <size>0x2</size>
         <input_file_ref idref="fl-a"/>
      </object_component>
      <object_component id="oc-1a">
         <name>.stack</name>
         <uninitialized>true</uninitialized>
         <run_address>0xc0</run_address>
         <size>0x0</size>
         <input_file_ref idref="fl-7"/>
      </object_component>
      <object_component id="oc-10e">
         <name>.stack</name>
         <uninitialized>true</uninitialized>
         <run_address>0xc0</run_address>
         <size>0x0</size>
      </object_component>
      <object_component id="oc-f4">
         <name>.sysstack</name>
         <uninitialized>true</uninitialized>
         <run_address>0x20c0</run_address>
         <size>0x0</size>
         <input_file_ref idref="fl-7"/>
      </object_component>
      <object_component id="oc-110">
         <name>.sysstack</name>
         <uninitialized>true</uninitialized>
         <run_address>0x20c0</run_address>
         <size>0x0</size>
      </object_component>
      <object_component id="oc-4b">
         <name>.bss</name>
         <uninitialized>true</uninitialized>
         <run_address>0x50c0</run_address>
         <size>0x232</size>
         <input_file_ref idref="fl-12"/>
      </object_component>
      <object_component id="oc-a4">
         <name>.bss</name>
         <uninitialized>true</uninitialized>
         <run_address>0x52f2</run_address>
         <size>0x1a0</size>
         <input_file_ref idref="fl-27"/>
      </object_component>
      <object_component id="oc-cf">
         <name>.bss</name>
         <uninitialized>true</uninitialized>
         <run_address>0x5492</run_address>
         <size>0x2</size>
         <input_file_ref idref="fl-31"/>
      </object_component>
      <object_component id="oc-7e">
         <name>.bss</name>
         <uninitialized>true</uninitialized>
         <run_address>0x5494</run_address>
         <size>0xe2</size>
         <input_file_ref idref="fl-1e"/>
      </object_component>
      <object_component id="oc-13">
         <name>.bss</name>
         <uninitialized>true</uninitialized>
         <run_address>0x5576</run_address>
         <size>0x40</size>
         <input_file_ref idref="fl-2"/>
      </object_component>
      <object_component id="oc-e4">
         <name>.bss</name>
         <uninitialized>true</uninitialized>
         <run_address>0x55b6</run_address>
         <size>0x2</size>
         <input_file_ref idref="fl-35"/>
      </object_component>
      <object_component id="oc-d5">
         <name>.bss</name>
         <uninitialized>true</uninitialized>
         <run_address>0x55b8</run_address>
         <size>0xc</size>
         <input_file_ref idref="fl-32"/>
      </object_component>
      <object_component id="oc-2e">
         <name>.bss</name>
         <uninitialized>true</uninitialized>
         <run_address>0x55c4</run_address>
         <size>0x8</size>
         <input_file_ref idref="fl-b"/>
      </object_component>
      <object_component id="oc-1f">
         <name>.bss</name>
         <uninitialized>true</uninitialized>
         <run_address>0x55cc</run_address>
         <size>0x8</size>
         <input_file_ref idref="fl-8"/>
      </object_component>
      <object_component id="oc-f5">
         <name>.const:__ctypes_</name>
         <load_address>0x55d4</load_address>
         <run_address>0x55d4</run_address>
         <size>0x202</size>
         <input_file_ref idref="fl-11"/>
      </object_component>
      <object_component id="oc-16">
         <name>.const:.string</name>
         <load_address>0x57d8</load_address>
         <run_address>0x57d8</run_address>
         <size>0x62</size>
         <input_file_ref idref="fl-2"/>
      </object_component>
      <object_component id="oc-36">
         <name>.const:.string</name>
         <load_address>0x583c</load_address>
         <run_address>0x583c</run_address>
         <size>0x48</size>
         <input_file_ref idref="fl-c"/>
      </object_component>
      <object_component id="oc-35">
         <name>.const</name>
         <load_address>0x5884</load_address>
         <run_address>0x5884</run_address>
         <size>0x18</size>
         <input_file_ref idref="fl-c"/>
      </object_component>
      <object_component id="oc-f6">
         <name>.const:_initial_approx$1</name>
         <load_address>0x589c</load_address>
         <run_address>0x589c</run_address>
         <size>0x10</size>
         <input_file_ref idref="fl-13"/>
      </object_component>
      <object_component id="oc-6a">
         <name>.const:.string</name>
         <load_address>0x58ac</load_address>
         <run_address>0x58ac</run_address>
         <size>0x4</size>
         <input_file_ref idref="fl-19"/>
      </object_component>
      <object_component id="oc-61">
         <name>.const</name>
         <load_address>0x58b0</load_address>
         <run_address>0x58b0</run_address>
         <size>0x4</size>
         <input_file_ref idref="fl-17"/>
      </object_component>
      <object_component id="oc-d8">
         <name>.sysmem</name>
         <uninitialized>true</uninitialized>
         <run_address>0x30c0</run_address>
         <size>0x0</size>
         <input_file_ref idref="fl-32"/>
      </object_component>
      <object_component id="oc-10f">
         <name>.sysmem</name>
         <uninitialized>true</uninitialized>
         <run_address>0x30c0</run_address>
         <size>0x0</size>
      </object_component>
      <object_component id="oc-80">
         <name>.cinit</name>
         <load_address>0x40240</load_address>
         <run_address>0x40240</run_address>
         <size>0x5a</size>
         <input_file_ref idref="fl-1e"/>
      </object_component>
      <object_component id="oc-4d">
         <name>.cinit</name>
         <load_address>0x4029a</load_address>
         <run_address>0x4029a</run_address>
         <size>0x54</size>
         <input_file_ref idref="fl-12"/>
      </object_component>
      <object_component id="oc-30">
         <name>.cinit</name>
         <load_address>0x402ee</load_address>
         <run_address>0x402ee</run_address>
         <size>0x14</size>
         <input_file_ref idref="fl-b"/>
      </object_component>
      <object_component id="oc-21">
         <name>.cinit</name>
         <load_address>0x40302</load_address>
         <run_address>0x40302</run_address>
         <size>0x14</size>
         <input_file_ref idref="fl-8"/>
      </object_component>
      <object_component id="oc-15">
         <name>.cinit</name>
         <load_address>0x40316</load_address>
         <run_address>0x40316</run_address>
         <size>0x8</size>
         <input_file_ref idref="fl-2"/>
      </object_component>
      <object_component id="oc-d1">
         <name>.cinit</name>
         <load_address>0x4031e</load_address>
         <run_address>0x4031e</run_address>
         <size>0x8</size>
         <input_file_ref idref="fl-31"/>
      </object_component>
      <object_component id="oc-d7">
         <name>.cinit</name>
         <load_address>0x40326</load_address>
         <run_address>0x40326</run_address>
         <size>0x8</size>
         <input_file_ref idref="fl-32"/>
      </object_component>
      <object_component id="oc-e6">
         <name>.cinit</name>
         <load_address>0x4032e</load_address>
         <run_address>0x4032e</run_address>
         <size>0x8</size>
         <input_file_ref idref="fl-35"/>
      </object_component>
      <object_component id="oc-aa">
         <name>.cio</name>
         <uninitialized>true</uninitialized>
         <run_address>0x40000</run_address>
         <size>0x240</size>
         <input_file_ref idref="fl-28"/>
      </object_component>
      <object_component id="oc-11">
         <name>vectors</name>
         <load_address>0x4fe00</load_address>
         <run_address>0x4fe00</run_address>
         <size>0x100</size>
         <input_file_ref idref="fl-a"/>
      </object_component>
      <object_component id="oc-14">
         <name>.debug_info</name>
         <load_address>0x0</load_address>
         <run_address>0x0</run_address>
         <size>0x10a0</size>
         <input_file_ref idref="fl-2"/>
      </object_component>
      <object_component id="oc-1b">
         <name>.debug_info</name>
         <load_address>0x10a0</load_address>
         <run_address>0x10a0</run_address>
         <size>0xe8</size>
         <input_file_ref idref="fl-7"/>
      </object_component>
      <object_component id="oc-20">
         <name>.debug_info</name>
         <load_address>0x1188</load_address>
         <run_address>0x1188</run_address>
         <size>0x5fb</size>
         <input_file_ref idref="fl-8"/>
      </object_component>
      <object_component id="oc-26">
         <name>.debug_info</name>
         <load_address>0x1783</load_address>
         <run_address>0x1783</run_address>
         <size>0x76c</size>
         <input_file_ref idref="fl-9"/>
      </object_component>
      <object_component id="oc-2a">
         <name>.debug_info</name>
         <load_address>0x1eef</load_address>
         <run_address>0x1eef</run_address>
         <size>0xbc</size>
         <input_file_ref idref="fl-a"/>
      </object_component>
      <object_component id="oc-2f">
         <name>.debug_info</name>
         <load_address>0x1fab</load_address>
         <run_address>0x1fab</run_address>
         <size>0x5bc</size>
         <input_file_ref idref="fl-b"/>
      </object_component>
      <object_component id="oc-34">
         <name>.debug_info</name>
         <load_address>0x2567</load_address>
         <run_address>0x2567</run_address>
         <size>0x27bd</size>
         <input_file_ref idref="fl-c"/>
      </object_component>
      <object_component id="oc-3a">
         <name>.debug_info</name>
         <load_address>0x4d24</load_address>
         <run_address>0x4d24</run_address>
         <size>0x586</size>
         <input_file_ref idref="fl-d"/>
      </object_component>
      <object_component id="oc-3e">
         <name>.debug_info</name>
         <load_address>0x52aa</load_address>
         <run_address>0x52aa</run_address>
         <size>0x5a4</size>
         <input_file_ref idref="fl-e"/>
      </object_component>
      <object_component id="oc-42">
         <name>.debug_info</name>
         <load_address>0x584e</load_address>
         <run_address>0x584e</run_address>
         <size>0xcd</size>
         <input_file_ref idref="fl-f"/>
      </object_component>
      <object_component id="oc-46">
         <name>.debug_info</name>
         <load_address>0x591b</load_address>
         <run_address>0x591b</run_address>
         <size>0x81f</size>
         <input_file_ref idref="fl-10"/>
      </object_component>
      <object_component id="oc-49">
         <name>.debug_info</name>
         <load_address>0x613a</load_address>
         <run_address>0x613a</run_address>
         <size>0x498</size>
         <input_file_ref idref="fl-11"/>
      </object_component>
      <object_component id="oc-4c">
         <name>.debug_info</name>
         <load_address>0x65d2</load_address>
         <run_address>0x65d2</run_address>
         <size>0x57e</size>
         <input_file_ref idref="fl-12"/>
      </object_component>
      <object_component id="oc-50">
         <name>.debug_info</name>
         <load_address>0x6b50</load_address>
         <run_address>0x6b50</run_address>
         <size>0x7e8</size>
         <input_file_ref idref="fl-13"/>
      </object_component>
      <object_component id="oc-54">
         <name>.debug_info</name>
         <load_address>0x7338</load_address>
         <run_address>0x7338</run_address>
         <size>0x534</size>
         <input_file_ref idref="fl-14"/>
      </object_component>
      <object_component id="oc-58">
         <name>.debug_info</name>
         <load_address>0x786c</load_address>
         <run_address>0x786c</run_address>
         <size>0x4cf</size>
         <input_file_ref idref="fl-15"/>
      </object_component>
      <object_component id="oc-5c">
         <name>.debug_info</name>
         <load_address>0x7d3b</load_address>
         <run_address>0x7d3b</run_address>
         <size>0x534</size>
         <input_file_ref idref="fl-16"/>
      </object_component>
      <object_component id="oc-60">
         <name>.debug_info</name>
         <load_address>0x826f</load_address>
         <run_address>0x826f</run_address>
         <size>0x549</size>
         <input_file_ref idref="fl-17"/>
      </object_component>
      <object_component id="oc-65">
         <name>.debug_info</name>
         <load_address>0x87b8</load_address>
         <run_address>0x87b8</run_address>
         <size>0x6aa</size>
         <input_file_ref idref="fl-18"/>
      </object_component>
      <object_component id="oc-69">
         <name>.debug_info</name>
         <load_address>0x8e62</load_address>
         <run_address>0x8e62</run_address>
         <size>0x942</size>
         <input_file_ref idref="fl-19"/>
      </object_component>
      <object_component id="oc-6e">
         <name>.debug_info</name>
         <load_address>0x97a4</load_address>
         <run_address>0x97a4</run_address>
         <size>0x53e</size>
         <input_file_ref idref="fl-1a"/>
      </object_component>
      <object_component id="oc-72">
         <name>.debug_info</name>
         <load_address>0x9ce2</load_address>
         <run_address>0x9ce2</run_address>
         <size>0x680</size>
         <input_file_ref idref="fl-1b"/>
      </object_component>
      <object_component id="oc-76">
         <name>.debug_info</name>
         <load_address>0xa362</load_address>
         <run_address>0xa362</run_address>
         <size>0x7d4</size>
         <input_file_ref idref="fl-1c"/>
      </object_component>
      <object_component id="oc-7a">
         <name>.debug_info</name>
         <load_address>0xab36</load_address>
         <run_address>0xab36</run_address>
         <size>0xbd</size>
         <input_file_ref idref="fl-1d"/>
      </object_component>
      <object_component id="oc-7f">
         <name>.debug_info</name>
         <load_address>0xabf3</load_address>
         <run_address>0xabf3</run_address>
         <size>0x144b</size>
         <input_file_ref idref="fl-1e"/>
      </object_component>
      <object_component id="oc-84">
         <name>.debug_info</name>
         <load_address>0xc03e</load_address>
         <run_address>0xc03e</run_address>
         <size>0x5ad</size>
         <input_file_ref idref="fl-1f"/>
      </object_component>
      <object_component id="oc-88">
         <name>.debug_info</name>
         <load_address>0xc5eb</load_address>
         <run_address>0xc5eb</run_address>
         <size>0x574</size>
         <input_file_ref idref="fl-20"/>
      </object_component>
      <object_component id="oc-8c">
         <name>.debug_info</name>
         <load_address>0xcb5f</load_address>
         <run_address>0xcb5f</run_address>
         <size>0xd1</size>
         <input_file_ref idref="fl-21"/>
      </object_component>
      <object_component id="oc-90">
         <name>.debug_info</name>
         <load_address>0xcc30</load_address>
         <run_address>0xcc30</run_address>
         <size>0x55b</size>
         <input_file_ref idref="fl-22"/>
      </object_component>
      <object_component id="oc-94">
         <name>.debug_info</name>
         <load_address>0xd18b</load_address>
         <run_address>0xd18b</run_address>
         <size>0x4b7</size>
         <input_file_ref idref="fl-23"/>
      </object_component>
      <object_component id="oc-98">
         <name>.debug_info</name>
         <load_address>0xd642</load_address>
         <run_address>0xd642</run_address>
         <size>0x4f2</size>
         <input_file_ref idref="fl-24"/>
      </object_component>
      <object_component id="oc-9c">
         <name>.debug_info</name>
         <load_address>0xdb34</load_address>
         <run_address>0xdb34</run_address>
         <size>0x534</size>
         <input_file_ref idref="fl-25"/>
      </object_component>
      <object_component id="oc-a0">
         <name>.debug_info</name>
         <load_address>0xe068</load_address>
         <run_address>0xe068</run_address>
         <size>0x4de</size>
         <input_file_ref idref="fl-26"/>
      </object_component>
      <object_component id="oc-a5">
         <name>.debug_info</name>
         <load_address>0xe546</load_address>
         <run_address>0xe546</run_address>
         <size>0xed4</size>
         <input_file_ref idref="fl-27"/>
      </object_component>
      <object_component id="oc-a9">
         <name>.debug_info</name>
         <load_address>0xf41a</load_address>
         <run_address>0xf41a</run_address>
         <size>0x744</size>
         <input_file_ref idref="fl-28"/>
      </object_component>
      <object_component id="oc-af">
         <name>.debug_info</name>
         <load_address>0xfb5e</load_address>
         <run_address>0xfb5e</run_address>
         <size>0xef</size>
         <input_file_ref idref="fl-29"/>
      </object_component>
      <object_component id="oc-b3">
         <name>.debug_info</name>
         <load_address>0xfc4d</load_address>
         <run_address>0xfc4d</run_address>
         <size>0x662</size>
         <input_file_ref idref="fl-2a"/>
      </object_component>
      <object_component id="oc-b7">
         <name>.debug_info</name>
         <load_address>0x102af</load_address>
         <run_address>0x102af</run_address>
         <size>0x5ab</size>
         <input_file_ref idref="fl-2b"/>
      </object_component>
      <object_component id="oc-bb">
         <name>.debug_info</name>
         <load_address>0x1085a</load_address>
         <run_address>0x1085a</run_address>
         <size>0x4f2</size>
         <input_file_ref idref="fl-2c"/>
      </object_component>
      <object_component id="oc-bf">
         <name>.debug_info</name>
         <load_address>0x10d4c</load_address>
         <run_address>0x10d4c</run_address>
         <size>0x706</size>
         <input_file_ref idref="fl-2d"/>
      </object_component>
      <object_component id="oc-c3">
         <name>.debug_info</name>
         <load_address>0x11452</load_address>
         <run_address>0x11452</run_address>
         <size>0x4d2</size>
         <input_file_ref idref="fl-2e"/>
      </object_component>
      <object_component id="oc-c7">
         <name>.debug_info</name>
         <load_address>0x11924</load_address>
         <run_address>0x11924</run_address>
         <size>0x5f7</size>
         <input_file_ref idref="fl-2f"/>
      </object_component>
      <object_component id="oc-cb">
         <name>.debug_info</name>
         <load_address>0x11f1b</load_address>
         <run_address>0x11f1b</run_address>
         <size>0x64a</size>
         <input_file_ref idref="fl-30"/>
      </object_component>
      <object_component id="oc-d0">
         <name>.debug_info</name>
         <load_address>0x12565</load_address>
         <run_address>0x12565</run_address>
         <size>0xa1c</size>
         <input_file_ref idref="fl-31"/>
      </object_component>
      <object_component id="oc-d6">
         <name>.debug_info</name>
         <load_address>0x12f81</load_address>
         <run_address>0x12f81</run_address>
         <size>0xb97</size>
         <input_file_ref idref="fl-32"/>
      </object_component>
      <object_component id="oc-dc">
         <name>.debug_info</name>
         <load_address>0x13b18</load_address>
         <run_address>0x13b18</run_address>
         <size>0x64f</size>
         <input_file_ref idref="fl-33"/>
      </object_component>
      <object_component id="oc-e0">
         <name>.debug_info</name>
         <load_address>0x14167</load_address>
         <run_address>0x14167</run_address>
         <size>0x510</size>
         <input_file_ref idref="fl-34"/>
      </object_component>
      <object_component id="oc-e5">
         <name>.debug_info</name>
         <load_address>0x14677</load_address>
         <run_address>0x14677</run_address>
         <size>0xbe6</size>
         <input_file_ref idref="fl-35"/>
      </object_component>
      <object_component id="oc-eb">
         <name>.debug_info</name>
         <load_address>0x1525d</load_address>
         <run_address>0x1525d</run_address>
         <size>0x840</size>
         <input_file_ref idref="fl-36"/>
      </object_component>
      <object_component id="oc-f0">
         <name>.debug_info</name>
         <load_address>0x15a9d</load_address>
         <run_address>0x15a9d</run_address>
         <size>0x6a7</size>
         <input_file_ref idref="fl-37"/>
      </object_component>
      <object_component id="oc-117">
         <name>.debug_info</name>
         <load_address>0x16144</load_address>
         <run_address>0x16144</run_address>
         <size>0x70</size>
      </object_component>
      <object_component id="oc-17">
         <name>.debug_frame</name>
         <load_address>0x0</load_address>
         <run_address>0x0</run_address>
         <size>0x175</size>
         <input_file_ref idref="fl-2"/>
      </object_component>
      <object_component id="oc-e7">
         <name>.debug_frame</name>
         <load_address>0x175</load_address>
         <run_address>0x175</run_address>
         <size>0x14a</size>
         <input_file_ref idref="fl-35"/>
      </object_component>
      <object_component id="oc-ec">
         <name>.debug_frame</name>
         <load_address>0x2bf</load_address>
         <run_address>0x2bf</run_address>
         <size>0x135</size>
         <input_file_ref idref="fl-36"/>
      </object_component>
      <object_component id="oc-f1">
         <name>.debug_frame</name>
         <load_address>0x3f4</load_address>
         <run_address>0x3f4</run_address>
         <size>0x116</size>
         <input_file_ref idref="fl-37"/>
      </object_component>
      <object_component id="oc-18">
         <name>.debug_line</name>
         <load_address>0x0</load_address>
         <run_address>0x0</run_address>
         <size>0x1c7</size>
         <input_file_ref idref="fl-2"/>
      </object_component>
      <object_component id="oc-1c">
         <name>.debug_line</name>
         <load_address>0x1c7</load_address>
         <run_address>0x1c7</run_address>
         <size>0x54</size>
         <input_file_ref idref="fl-7"/>
      </object_component>
      <object_component id="oc-23">
         <name>.debug_line</name>
         <load_address>0x21b</load_address>
         <run_address>0x21b</run_address>
         <size>0x51</size>
         <input_file_ref idref="fl-8"/>
      </object_component>
      <object_component id="oc-27">
         <name>.debug_line</name>
         <load_address>0x26c</load_address>
         <run_address>0x26c</run_address>
         <size>0x69</size>
         <input_file_ref idref="fl-9"/>
      </object_component>
      <object_component id="oc-2b">
         <name>.debug_line</name>
         <load_address>0x2d5</load_address>
         <run_address>0x2d5</run_address>
         <size>0x37</size>
         <input_file_ref idref="fl-a"/>
      </object_component>
      <object_component id="oc-31">
         <name>.debug_line</name>
         <load_address>0x30c</load_address>
         <run_address>0x30c</run_address>
         <size>0x57</size>
         <input_file_ref idref="fl-b"/>
      </object_component>
      <object_component id="oc-37">
         <name>.debug_line</name>
         <load_address>0x363</load_address>
         <run_address>0x363</run_address>
         <size>0x328</size>
         <input_file_ref idref="fl-c"/>
      </object_component>
      <object_component id="oc-3b">
         <name>.debug_line</name>
         <load_address>0x68b</load_address>
         <run_address>0x68b</run_address>
         <size>0x41</size>
         <input_file_ref idref="fl-d"/>
      </object_component>
      <object_component id="oc-3f">
         <name>.debug_line</name>
         <load_address>0x6cc</load_address>
         <run_address>0x6cc</run_address>
         <size>0x46</size>
         <input_file_ref idref="fl-e"/>
      </object_component>
      <object_component id="oc-43">
         <name>.debug_line</name>
         <load_address>0x712</load_address>
         <run_address>0x712</run_address>
         <size>0x55</size>
         <input_file_ref idref="fl-f"/>
      </object_component>
      <object_component id="oc-47">
         <name>.debug_line</name>
         <load_address>0x767</load_address>
         <run_address>0x767</run_address>
         <size>0xad</size>
         <input_file_ref idref="fl-10"/>
      </object_component>
      <object_component id="oc-51">
         <name>.debug_line</name>
         <load_address>0x814</load_address>
         <run_address>0x814</run_address>
         <size>0x5b</size>
         <input_file_ref idref="fl-13"/>
      </object_component>
      <object_component id="oc-55">
         <name>.debug_line</name>
         <load_address>0x86f</load_address>
         <run_address>0x86f</run_address>
         <size>0x44</size>
         <input_file_ref idref="fl-14"/>
      </object_component>
      <object_component id="oc-59">
         <name>.debug_line</name>
         <load_address>0x8b3</load_address>
         <run_address>0x8b3</run_address>
         <size>0x3d</size>
         <input_file_ref idref="fl-15"/>
      </object_component>
      <object_component id="oc-5d">
         <name>.debug_line</name>
         <load_address>0x8f0</load_address>
         <run_address>0x8f0</run_address>
         <size>0x3d</size>
         <input_file_ref idref="fl-16"/>
      </object_component>
      <object_component id="oc-62">
         <name>.debug_line</name>
         <load_address>0x92d</load_address>
         <run_address>0x92d</run_address>
         <size>0x44</size>
         <input_file_ref idref="fl-17"/>
      </object_component>
      <object_component id="oc-66">
         <name>.debug_line</name>
         <load_address>0x971</load_address>
         <run_address>0x971</run_address>
         <size>0x56</size>
         <input_file_ref idref="fl-18"/>
      </object_component>
      <object_component id="oc-6b">
         <name>.debug_line</name>
         <load_address>0x9c7</load_address>
         <run_address>0x9c7</run_address>
         <size>0xa8</size>
         <input_file_ref idref="fl-19"/>
      </object_component>
      <object_component id="oc-6f">
         <name>.debug_line</name>
         <load_address>0xa6f</load_address>
         <run_address>0xa6f</run_address>
         <size>0x40</size>
         <input_file_ref idref="fl-1a"/>
      </object_component>
      <object_component id="oc-73">
         <name>.debug_line</name>
         <load_address>0xaaf</load_address>
         <run_address>0xaaf</run_address>
         <size>0x38</size>
         <input_file_ref idref="fl-1b"/>
      </object_component>
      <object_component id="oc-77">
         <name>.debug_line</name>
         <load_address>0xae7</load_address>
         <run_address>0xae7</run_address>
         <size>0xa8</size>
         <input_file_ref idref="fl-1c"/>
      </object_component>
      <object_component id="oc-7b">
         <name>.debug_line</name>
         <load_address>0xb8f</load_address>
         <run_address>0xb8f</run_address>
         <size>0x3c</size>
         <input_file_ref idref="fl-1d"/>
      </object_component>
      <object_component id="oc-81">
         <name>.debug_line</name>
         <load_address>0xbcb</load_address>
         <run_address>0xbcb</run_address>
         <size>0x1b0</size>
         <input_file_ref idref="fl-1e"/>
      </object_component>
      <object_component id="oc-85">
         <name>.debug_line</name>
         <load_address>0xd7b</load_address>
         <run_address>0xd7b</run_address>
         <size>0x40</size>
         <input_file_ref idref="fl-1f"/>
      </object_component>
      <object_component id="oc-89">
         <name>.debug_line</name>
         <load_address>0xdbb</load_address>
         <run_address>0xdbb</run_address>
         <size>0x3c</size>
         <input_file_ref idref="fl-20"/>
      </object_component>
      <object_component id="oc-8d">
         <name>.debug_line</name>
         <load_address>0xdf7</load_address>
         <run_address>0xdf7</run_address>
         <size>0x4d</size>
         <input_file_ref idref="fl-21"/>
      </object_component>
      <object_component id="oc-91">
         <name>.debug_line</name>
         <load_address>0xe44</load_address>
         <run_address>0xe44</run_address>
         <size>0x3c</size>
         <input_file_ref idref="fl-22"/>
      </object_component>
      <object_component id="oc-95">
         <name>.debug_line</name>
         <load_address>0xe80</load_address>
         <run_address>0xe80</run_address>
         <size>0x37</size>
         <input_file_ref idref="fl-23"/>
      </object_component>
      <object_component id="oc-99">
         <name>.debug_line</name>
         <load_address>0xeb7</load_address>
         <run_address>0xeb7</run_address>
         <size>0x3c</size>
         <input_file_ref idref="fl-24"/>
      </object_component>
      <object_component id="oc-9d">
         <name>.debug_line</name>
         <load_address>0xef3</load_address>
         <run_address>0xef3</run_address>
         <size>0x44</size>
         <input_file_ref idref="fl-25"/>
      </object_component>
      <object_component id="oc-a1">
         <name>.debug_line</name>
         <load_address>0xf37</load_address>
         <run_address>0xf37</run_address>
         <size>0x37</size>
         <input_file_ref idref="fl-26"/>
      </object_component>
      <object_component id="oc-a6">
         <name>.debug_line</name>
         <load_address>0xf6e</load_address>
         <run_address>0xf6e</run_address>
         <size>0x15d</size>
         <input_file_ref idref="fl-27"/>
      </object_component>
      <object_component id="oc-ac">
         <name>.debug_line</name>
         <load_address>0x10cb</load_address>
         <run_address>0x10cb</run_address>
         <size>0x6a</size>
         <input_file_ref idref="fl-28"/>
      </object_component>
      <object_component id="oc-b0">
         <name>.debug_line</name>
         <load_address>0x1135</load_address>
         <run_address>0x1135</run_address>
         <size>0x58</size>
         <input_file_ref idref="fl-29"/>
      </object_component>
      <object_component id="oc-b4">
         <name>.debug_line</name>
         <load_address>0x118d</load_address>
         <run_address>0x118d</run_address>
         <size>0x57</size>
         <input_file_ref idref="fl-2a"/>
      </object_component>
      <object_component id="oc-b8">
         <name>.debug_line</name>
         <load_address>0x11e4</load_address>
         <run_address>0x11e4</run_address>
         <size>0x5c</size>
         <input_file_ref idref="fl-2b"/>
      </object_component>
      <object_component id="oc-bc">
         <name>.debug_line</name>
         <load_address>0x1240</load_address>
         <run_address>0x1240</run_address>
         <size>0x3c</size>
         <input_file_ref idref="fl-2c"/>
      </object_component>
      <object_component id="oc-c0">
         <name>.debug_line</name>
         <load_address>0x127c</load_address>
         <run_address>0x127c</run_address>
         <size>0x5b</size>
         <input_file_ref idref="fl-2d"/>
      </object_component>
      <object_component id="oc-c4">
         <name>.debug_line</name>
         <load_address>0x12d7</load_address>
         <run_address>0x12d7</run_address>
         <size>0x3a</size>
         <input_file_ref idref="fl-2e"/>
      </object_component>
      <object_component id="oc-c8">
         <name>.debug_line</name>
         <load_address>0x1311</load_address>
         <run_address>0x1311</run_address>
         <size>0x3c</size>
         <input_file_ref idref="fl-2f"/>
      </object_component>
      <object_component id="oc-cc">
         <name>.debug_line</name>
         <load_address>0x134d</load_address>
         <run_address>0x134d</run_address>
         <size>0x3f</size>
         <input_file_ref idref="fl-30"/>
      </object_component>
      <object_component id="oc-d2">
         <name>.debug_line</name>
         <load_address>0x138c</load_address>
         <run_address>0x138c</run_address>
         <size>0xd7</size>
         <input_file_ref idref="fl-31"/>
      </object_component>
      <object_component id="oc-d9">
         <name>.debug_line</name>
         <load_address>0x1463</load_address>
         <run_address>0x1463</run_address>
         <size>0x112</size>
         <input_file_ref idref="fl-32"/>
      </object_component>
      <object_component id="oc-dd">
         <name>.debug_line</name>
         <load_address>0x1575</load_address>
         <run_address>0x1575</run_address>
         <size>0x3d</size>
         <input_file_ref idref="fl-33"/>
      </object_component>
      <object_component id="oc-e1">
         <name>.debug_line</name>
         <load_address>0x15b2</load_address>
         <run_address>0x15b2</run_address>
         <size>0x39</size>
         <input_file_ref idref="fl-34"/>
      </object_component>
      <object_component id="oc-e8">
         <name>.debug_line</name>
         <load_address>0x15eb</load_address>
         <run_address>0x15eb</run_address>
         <size>0x16c</size>
         <input_file_ref idref="fl-35"/>
      </object_component>
      <object_component id="oc-ed">
         <name>.debug_line</name>
         <load_address>0x1757</load_address>
         <run_address>0x1757</run_address>
         <size>0xdf</size>
         <input_file_ref idref="fl-36"/>
      </object_component>
      <object_component id="oc-f2">
         <name>.debug_line</name>
         <load_address>0x1836</load_address>
         <run_address>0x1836</run_address>
         <size>0x84</size>
         <input_file_ref idref="fl-37"/>
      </object_component>
      <object_component id="oc-19">
         <name>.debug_abbrev</name>
         <load_address>0x0</load_address>
         <run_address>0x0</run_address>
         <size>0x197</size>
         <input_file_ref idref="fl-2"/>
      </object_component>
      <object_component id="oc-1d">
         <name>.debug_abbrev</name>
         <load_address>0x197</load_address>
         <run_address>0x197</run_address>
         <size>0x3a</size>
         <input_file_ref idref="fl-7"/>
      </object_component>
      <object_component id="oc-24">
         <name>.debug_abbrev</name>
         <load_address>0x1d1</load_address>
         <run_address>0x1d1</run_address>
         <size>0xf7</size>
         <input_file_ref idref="fl-8"/>
      </object_component>
      <object_component id="oc-28">
         <name>.debug_abbrev</name>
         <load_address>0x2c8</load_address>
         <run_address>0x2c8</run_address>
         <size>0x145</size>
         <input_file_ref idref="fl-9"/>
      </object_component>
      <object_component id="oc-2c">
         <name>.debug_abbrev</name>
         <load_address>0x40d</load_address>
         <run_address>0x40d</run_address>
         <size>0x26</size>
         <input_file_ref idref="fl-a"/>
      </object_component>
      <object_component id="oc-32">
         <name>.debug_abbrev</name>
         <load_address>0x433</load_address>
         <run_address>0x433</run_address>
         <size>0x9f</size>
         <input_file_ref idref="fl-b"/>
      </object_component>
      <object_component id="oc-38">
         <name>.debug_abbrev</name>
         <load_address>0x4d2</load_address>
         <run_address>0x4d2</run_address>
         <size>0x1f8</size>
         <input_file_ref idref="fl-c"/>
      </object_component>
      <object_component id="oc-3c">
         <name>.debug_abbrev</name>
         <load_address>0x6ca</load_address>
         <run_address>0x6ca</run_address>
         <size>0xec</size>
         <input_file_ref idref="fl-d"/>
      </object_component>
      <object_component id="oc-40">
         <name>.debug_abbrev</name>
         <load_address>0x7b6</load_address>
         <run_address>0x7b6</run_address>
         <size>0xd5</size>
         <input_file_ref idref="fl-e"/>
      </object_component>
      <object_component id="oc-44">
         <name>.debug_abbrev</name>
         <load_address>0x88b</load_address>
         <run_address>0x88b</run_address>
         <size>0x44</size>
         <input_file_ref idref="fl-f"/>
      </object_component>
      <object_component id="oc-48">
         <name>.debug_abbrev</name>
         <load_address>0x8cf</load_address>
         <run_address>0x8cf</run_address>
         <size>0xb7</size>
         <input_file_ref idref="fl-10"/>
      </object_component>
      <object_component id="oc-4a">
         <name>.debug_abbrev</name>
         <load_address>0x986</load_address>
         <run_address>0x986</run_address>
         <size>0x68</size>
         <input_file_ref idref="fl-11"/>
      </object_component>
      <object_component id="oc-4e">
         <name>.debug_abbrev</name>
         <load_address>0x9ee</load_address>
         <run_address>0x9ee</run_address>
         <size>0x83</size>
         <input_file_ref idref="fl-12"/>
      </object_component>
      <object_component id="oc-52">
         <name>.debug_abbrev</name>
         <load_address>0xa71</load_address>
         <run_address>0xa71</run_address>
         <size>0x112</size>
         <input_file_ref idref="fl-13"/>
      </object_component>
      <object_component id="oc-56">
         <name>.debug_abbrev</name>
         <load_address>0xb83</load_address>
         <run_address>0xb83</run_address>
         <size>0xb5</size>
         <input_file_ref idref="fl-14"/>
      </object_component>
      <object_component id="oc-5a">
         <name>.debug_abbrev</name>
         <load_address>0xc38</load_address>
         <run_address>0xc38</run_address>
         <size>0x8f</size>
         <input_file_ref idref="fl-15"/>
      </object_component>
      <object_component id="oc-5e">
         <name>.debug_abbrev</name>
         <load_address>0xcc7</load_address>
         <run_address>0xcc7</run_address>
         <size>0xb7</size>
         <input_file_ref idref="fl-16"/>
      </object_component>
      <object_component id="oc-63">
         <name>.debug_abbrev</name>
         <load_address>0xd7e</load_address>
         <run_address>0xd7e</run_address>
         <size>0xc2</size>
         <input_file_ref idref="fl-17"/>
      </object_component>
      <object_component id="oc-67">
         <name>.debug_abbrev</name>
         <load_address>0xe40</load_address>
         <run_address>0xe40</run_address>
         <size>0x103</size>
         <input_file_ref idref="fl-18"/>
      </object_component>
      <object_component id="oc-6c">
         <name>.debug_abbrev</name>
         <load_address>0xf43</load_address>
         <run_address>0xf43</run_address>
         <size>0x140</size>
         <input_file_ref idref="fl-19"/>
      </object_component>
      <object_component id="oc-70">
         <name>.debug_abbrev</name>
         <load_address>0x1083</load_address>
         <run_address>0x1083</run_address>
         <size>0x9a</size>
         <input_file_ref idref="fl-1a"/>
      </object_component>
      <object_component id="oc-74">
         <name>.debug_abbrev</name>
         <load_address>0x111d</load_address>
         <run_address>0x111d</run_address>
         <size>0xd0</size>
         <input_file_ref idref="fl-1b"/>
      </object_component>
      <object_component id="oc-78">
         <name>.debug_abbrev</name>
         <load_address>0x11ed</load_address>
         <run_address>0x11ed</run_address>
         <size>0xb7</size>
         <input_file_ref idref="fl-1c"/>
      </object_component>
      <object_component id="oc-7c">
         <name>.debug_abbrev</name>
         <load_address>0x12a4</load_address>
         <run_address>0x12a4</run_address>
         <size>0x38</size>
         <input_file_ref idref="fl-1d"/>
      </object_component>
      <object_component id="oc-82">
         <name>.debug_abbrev</name>
         <load_address>0x12dc</load_address>
         <run_address>0x12dc</run_address>
         <size>0x225</size>
         <input_file_ref idref="fl-1e"/>
      </object_component>
      <object_component id="oc-86">
         <name>.debug_abbrev</name>
         <load_address>0x1501</load_address>
         <run_address>0x1501</run_address>
         <size>0xec</size>
         <input_file_ref idref="fl-1f"/>
      </object_component>
      <object_component id="oc-8a">
         <name>.debug_abbrev</name>
         <load_address>0x15ed</load_address>
         <run_address>0x15ed</run_address>
         <size>0xb7</size>
         <input_file_ref idref="fl-20"/>
      </object_component>
      <object_component id="oc-8e">
         <name>.debug_abbrev</name>
         <load_address>0x16a4</load_address>
         <run_address>0x16a4</run_address>
         <size>0x38</size>
         <input_file_ref idref="fl-21"/>
      </object_component>
      <object_component id="oc-92">
         <name>.debug_abbrev</name>
         <load_address>0x16dc</load_address>
         <run_address>0x16dc</run_address>
         <size>0xdc</size>
         <input_file_ref idref="fl-22"/>
      </object_component>
      <object_component id="oc-96">
         <name>.debug_abbrev</name>
         <load_address>0x17b8</load_address>
         <run_address>0x17b8</run_address>
         <size>0x81</size>
         <input_file_ref idref="fl-23"/>
      </object_component>
      <object_component id="oc-9a">
         <name>.debug_abbrev</name>
         <load_address>0x1839</load_address>
         <run_address>0x1839</run_address>
         <size>0xa6</size>
         <input_file_ref idref="fl-24"/>
      </object_component>
      <object_component id="oc-9e">
         <name>.debug_abbrev</name>
         <load_address>0x18df</load_address>
         <run_address>0x18df</run_address>
         <size>0xb5</size>
         <input_file_ref idref="fl-25"/>
      </object_component>
      <object_component id="oc-a2">
         <name>.debug_abbrev</name>
         <load_address>0x1994</load_address>
         <run_address>0x1994</run_address>
         <size>0x8f</size>
         <input_file_ref idref="fl-26"/>
      </object_component>
      <object_component id="oc-a7">
         <name>.debug_abbrev</name>
         <load_address>0x1a23</load_address>
         <run_address>0x1a23</run_address>
         <size>0x15a</size>
         <input_file_ref idref="fl-27"/>
      </object_component>
      <object_component id="oc-ad">
         <name>.debug_abbrev</name>
         <load_address>0x1b7d</load_address>
         <run_address>0x1b7d</run_address>
         <size>0xde</size>
         <input_file_ref idref="fl-28"/>
      </object_component>
      <object_component id="oc-b1">
         <name>.debug_abbrev</name>
         <load_address>0x1c5b</load_address>
         <run_address>0x1c5b</run_address>
         <size>0x38</size>
         <input_file_ref idref="fl-29"/>
      </object_component>
      <object_component id="oc-b5">
         <name>.debug_abbrev</name>
         <load_address>0x1c93</load_address>
         <run_address>0x1c93</run_address>
         <size>0xd1</size>
         <input_file_ref idref="fl-2a"/>
      </object_component>
      <object_component id="oc-b9">
         <name>.debug_abbrev</name>
         <load_address>0x1d64</load_address>
         <run_address>0x1d64</run_address>
         <size>0xd4</size>
         <input_file_ref idref="fl-2b"/>
      </object_component>
      <object_component id="oc-bd">
         <name>.debug_abbrev</name>
         <load_address>0x1e38</load_address>
         <run_address>0x1e38</run_address>
         <size>0xa6</size>
         <input_file_ref idref="fl-2c"/>
      </object_component>
      <object_component id="oc-c1">
         <name>.debug_abbrev</name>
         <load_address>0x1ede</load_address>
         <run_address>0x1ede</run_address>
         <size>0x136</size>
         <input_file_ref idref="fl-2d"/>
      </object_component>
      <object_component id="oc-c5">
         <name>.debug_abbrev</name>
         <load_address>0x2014</load_address>
         <run_address>0x2014</run_address>
         <size>0x81</size>
         <input_file_ref idref="fl-2e"/>
      </object_component>
      <object_component id="oc-c9">
         <name>.debug_abbrev</name>
         <load_address>0x2095</load_address>
         <run_address>0x2095</run_address>
         <size>0xd1</size>
         <input_file_ref idref="fl-2f"/>
      </object_component>
      <object_component id="oc-cd">
         <name>.debug_abbrev</name>
         <load_address>0x2166</load_address>
         <run_address>0x2166</run_address>
         <size>0x10b</size>
         <input_file_ref idref="fl-30"/>
      </object_component>
      <object_component id="oc-d3">
         <name>.debug_abbrev</name>
         <load_address>0x2271</load_address>
         <run_address>0x2271</run_address>
         <size>0x1a2</size>
         <input_file_ref idref="fl-31"/>
      </object_component>
      <object_component id="oc-da">
         <name>.debug_abbrev</name>
         <load_address>0x2413</load_address>
         <run_address>0x2413</run_address>
         <size>0x1de</size>
         <input_file_ref idref="fl-32"/>
      </object_component>
      <object_component id="oc-de">
         <name>.debug_abbrev</name>
         <load_address>0x25f1</load_address>
         <run_address>0x25f1</run_address>
         <size>0x118</size>
         <input_file_ref idref="fl-33"/>
      </object_component>
      <object_component id="oc-e2">
         <name>.debug_abbrev</name>
         <load_address>0x2709</load_address>
         <run_address>0x2709</run_address>
         <size>0xbf</size>
         <input_file_ref idref="fl-34"/>
      </object_component>
      <object_component id="oc-e9">
         <name>.debug_abbrev</name>
         <load_address>0x27c8</load_address>
         <run_address>0x27c8</run_address>
         <size>0x108</size>
         <input_file_ref idref="fl-35"/>
      </object_component>
      <object_component id="oc-ee">
         <name>.debug_abbrev</name>
         <load_address>0x28d0</load_address>
         <run_address>0x28d0</run_address>
         <size>0x8d</size>
         <input_file_ref idref="fl-36"/>
      </object_component>
      <object_component id="oc-f3">
         <name>.debug_abbrev</name>
         <load_address>0x295d</load_address>
         <run_address>0x295d</run_address>
         <size>0xf3</size>
         <input_file_ref idref="fl-37"/>
      </object_component>
      <object_component id="oc-118">
         <name>.debug_abbrev</name>
         <load_address>0x2a50</load_address>
         <run_address>0x2a50</run_address>
         <size>0xd</size>
      </object_component>
   </object_component_list>
   <logical_group_list>
      <logical_group id="lg-112">
         <name>.text</name>
         <load_address>0x20000</load_address>
         <run_address>0x20000</run_address>
         <size>0x4795</size>
         <contents>
            <object_component_ref idref="oc-33"/>
            <object_component_ref idref="oc-7d"/>
            <object_component_ref idref="oc-a3"/>
            <object_component_ref idref="oc-d4"/>
            <object_component_ref idref="oc-12"/>
            <object_component_ref idref="oc-4f"/>
            <object_component_ref idref="oc-ce"/>
            <object_component_ref idref="oc-75"/>
            <object_component_ref idref="oc-b6"/>
            <object_component_ref idref="oc-45"/>
            <object_component_ref idref="oc-68"/>
            <object_component_ref idref="oc-ea"/>
            <object_component_ref idref="oc-8f"/>
            <object_component_ref idref="oc-e3"/>
            <object_component_ref idref="oc-ca"/>
            <object_component_ref idref="oc-b2"/>
            <object_component_ref idref="oc-be"/>
            <object_component_ref idref="oc-ab"/>
            <object_component_ref idref="oc-64"/>
            <object_component_ref idref="oc-53"/>
            <object_component_ref idref="oc-83"/>
            <object_component_ref idref="oc-db"/>
            <object_component_ref idref="oc-c2"/>
            <object_component_ref idref="oc-6d"/>
            <object_component_ref idref="oc-9b"/>
            <object_component_ref idref="oc-5b"/>
            <object_component_ref idref="oc-a8"/>
            <object_component_ref idref="oc-c6"/>
            <object_component_ref idref="oc-5f"/>
            <object_component_ref idref="oc-3d"/>
            <object_component_ref idref="oc-ef"/>
            <object_component_ref idref="oc-25"/>
            <object_component_ref idref="oc-41"/>
            <object_component_ref idref="oc-39"/>
            <object_component_ref idref="oc-97"/>
            <object_component_ref idref="oc-ba"/>
            <object_component_ref idref="oc-8b"/>
            <object_component_ref idref="oc-1e"/>
            <object_component_ref idref="oc-10"/>
            <object_component_ref idref="oc-57"/>
            <object_component_ref idref="oc-ae"/>
            <object_component_ref idref="oc-87"/>
            <object_component_ref idref="oc-71"/>
            <object_component_ref idref="oc-9f"/>
            <object_component_ref idref="oc-79"/>
            <object_component_ref idref="oc-2d"/>
            <object_component_ref idref="oc-93"/>
            <object_component_ref idref="oc-df"/>
            <object_component_ref idref="oc-22"/>
            <object_component_ref idref="oc-29"/>
         </contents>
      </logical_group>
      <split_section id="lg-2">
         <name>.text</name>
         <contents>
            <logical_group_ref idref="lg-112"/>
         </contents>
      </split_section>
      <logical_group id="lg-3">
         <name>.stack</name>
         <run_address>0xc0</run_address>
         <size>0x2000</size>
         <contents>
            <object_component_ref idref="oc-1a"/>
            <object_component_ref idref="oc-10e"/>
         </contents>
      </logical_group>
      <logical_group id="lg-4">
         <name>.sysstack</name>
         <run_address>0x20c0</run_address>
         <size>0x1000</size>
         <contents>
            <object_component_ref idref="oc-f4"/>
            <object_component_ref idref="oc-110"/>
         </contents>
      </logical_group>
      <logical_group id="lg-5">
         <name>.data</name>
         <run_address>0xc0</run_address>
         <size>0x0</size>
         <contents>
         </contents>
      </logical_group>
      <logical_group id="lg-113">
         <name>.bss</name>
         <run_address>0x50c0</run_address>
         <size>0x514</size>
         <contents>
            <object_component_ref idref="oc-4b"/>
            <object_component_ref idref="oc-a4"/>
            <object_component_ref idref="oc-cf"/>
            <object_component_ref idref="oc-7e"/>
            <object_component_ref idref="oc-13"/>
            <object_component_ref idref="oc-e4"/>
            <object_component_ref idref="oc-d5"/>
            <object_component_ref idref="oc-2e"/>
            <object_component_ref idref="oc-1f"/>
         </contents>
      </logical_group>
      <split_section id="lg-6">
         <name>.bss</name>
         <contents>
            <logical_group_ref idref="lg-113"/>
         </contents>
      </split_section>
      <logical_group id="lg-114">
         <name>.const.1</name>
         <load_address>0x55d4</load_address>
         <run_address>0x55d4</run_address>
         <size>0x202</size>
         <contents>
            <object_component_ref idref="oc-f5"/>
         </contents>
      </logical_group>
      <logical_group id="lg-115">
         <name>.const.2</name>
         <load_address>0x57d8</load_address>
         <run_address>0x57d8</run_address>
         <size>0x62</size>
         <contents>
            <object_component_ref idref="oc-16"/>
         </contents>
      </logical_group>
      <logical_group id="lg-116">
         <name>.const.3</name>
         <load_address>0x583c</load_address>
         <run_address>0x583c</run_address>
         <size>0x78</size>
         <contents>
            <object_component_ref idref="oc-36"/>
            <object_component_ref idref="oc-35"/>
            <object_component_ref idref="oc-f6"/>
            <object_component_ref idref="oc-6a"/>
            <object_component_ref idref="oc-61"/>
         </contents>
      </logical_group>
      <split_section id="lg-7">
         <name>.const</name>
         <contents>
            <logical_group_ref idref="lg-114"/>
            <logical_group_ref idref="lg-115"/>
            <logical_group_ref idref="lg-116"/>
         </contents>
      </split_section>
      <logical_group id="lg-8">
         <name>.sysmem</name>
         <run_address>0x30c0</run_address>
         <size>0x2000</size>
         <contents>
            <object_component_ref idref="oc-d8"/>
            <object_component_ref idref="oc-10f"/>
         </contents>
      </logical_group>
      <logical_group id="lg-9">
         <name>.switch</name>
         <run_address>0x0</run_address>
         <size>0x0</size>
         <contents>
         </contents>
      </logical_group>
      <logical_group id="lg-a">
         <name>.cinit</name>
         <load_address>0x40240</load_address>
         <run_address>0x40240</run_address>
         <size>0xf8</size>
         <contents>
            <object_component_ref idref="oc-80"/>
            <object_component_ref idref="oc-4d"/>
            <object_component_ref idref="oc-30"/>
            <object_component_ref idref="oc-21"/>
            <object_component_ref idref="oc-15"/>
            <object_component_ref idref="oc-d1"/>
            <object_component_ref idref="oc-d7"/>
            <object_component_ref idref="oc-e6"/>
         </contents>
      </logical_group>
      <logical_group id="lg-b">
         <name>.pinit</name>
         <run_address>0x0</run_address>
         <size>0x0</size>
         <contents>
         </contents>
      </logical_group>
      <logical_group id="lg-c">
         <name>.cio</name>
         <run_address>0x40000</run_address>
         <size>0x240</size>
         <contents>
            <object_component_ref idref="oc-aa"/>
         </contents>
      </logical_group>
      <logical_group id="lg-d">
         <name>.args</name>
         <run_address>0x0</run_address>
         <size>0x0</size>
         <contents>
         </contents>
      </logical_group>
      <logical_group id="lg-e">
         <name>vectors</name>
         <load_address>0x4fe00</load_address>
         <run_address>0x4fe00</run_address>
         <size>0x100</size>
         <contents>
            <object_component_ref idref="oc-11"/>
         </contents>
      </logical_group>
      <logical_group id="lg-f">
         <name>.ioport</name>
         <run_address>0x0</run_address>
         <size>0x0</size>
         <contents>
         </contents>
      </logical_group>
      <logical_group id="lg-105">
         <name>.debug_info</name>
         <load_address>0x0</load_address>
         <run_address>0x0</run_address>
         <size>0x161b4</size>
         <contents>
            <object_component_ref idref="oc-14"/>
            <object_component_ref idref="oc-1b"/>
            <object_component_ref idref="oc-20"/>
            <object_component_ref idref="oc-26"/>
            <object_component_ref idref="oc-2a"/>
            <object_component_ref idref="oc-2f"/>
            <object_component_ref idref="oc-34"/>
            <object_component_ref idref="oc-3a"/>
            <object_component_ref idref="oc-3e"/>
            <object_component_ref idref="oc-42"/>
            <object_component_ref idref="oc-46"/>
            <object_component_ref idref="oc-49"/>
            <object_component_ref idref="oc-4c"/>
            <object_component_ref idref="oc-50"/>
            <object_component_ref idref="oc-54"/>
            <object_component_ref idref="oc-58"/>
            <object_component_ref idref="oc-5c"/>
            <object_component_ref idref="oc-60"/>
            <object_component_ref idref="oc-65"/>
            <object_component_ref idref="oc-69"/>
            <object_component_ref idref="oc-6e"/>
            <object_component_ref idref="oc-72"/>
            <object_component_ref idref="oc-76"/>
            <object_component_ref idref="oc-7a"/>
            <object_component_ref idref="oc-7f"/>
            <object_component_ref idref="oc-84"/>
            <object_component_ref idref="oc-88"/>
            <object_component_ref idref="oc-8c"/>
            <object_component_ref idref="oc-90"/>
            <object_component_ref idref="oc-94"/>
[...]
         <value>0x22792</value>
         <object_component_ref idref="oc-12"/>
      </symbol>
      <symbol id="sm-ba">
         <name>_RIGHT_DATA</name>
         <value>0x5578</value>
         <object_component_ref idref="oc-13"/>
      </symbol>
      <symbol id="sm-bb">
         <name>_AIC3204_rset</name>
         <value>0x224c4</value>
         <object_component_ref idref="oc-12"/>
      </symbol>
      <symbol id="sm-bc">
         <name>_LEFT_DATA</name>
         <value>0x5576</value>
         <object_component_ref idref="oc-13"/>
      </symbol>
      <symbol id="sm-bd">
         <name>_detect_zero</name>
         <value>0x2270b</value>
         <object_component_ref idref="oc-12"/>
      </symbol>
      <symbol id="sm-be">
         <name>_detect_one</name>
         <value>0x22684</value>
         <object_component_ref idref="oc-12"/>
      </symbol>
      <symbol id="sm-bf">
         <name>_AIC3204_config</name>
         <value>0x224e6</value>
         <object_component_ref idref="oc-12"/>
      </symbol>
      <symbol id="sm-c0">
         <name>_data_received</name>
         <value>0x557a</value>
         <object_component_ref idref="oc-13"/>
      </symbol>
      <symbol id="sm-cc">
         <name>__sysstack</name>
         <value>0x20c0</value>
         <object_component_ref idref="oc-f4"/>
      </symbol>
      <symbol id="sm-cd">
         <name>_c_int00</name>
         <value>0x24673</value>
         <object_component_ref idref="oc-10"/>
      </symbol>
      <symbol id="sm-ce">
         <name>__stack</name>
         <value>0xc0</value>
         <object_component_ref idref="oc-1a"/>
      </symbol>
      <symbol id="sm-de">
         <name>C$$EXIT</name>
         <value>0x2478c</value>
         <object_component_ref idref="oc-22"/>
      </symbol>
      <symbol id="sm-df">
         <name>_exit</name>
         <value>0x24635</value>
         <object_component_ref idref="oc-1e"/>
      </symbol>
      <symbol id="sm-e0">
         <name>_abort</name>
         <value>0x2478b</value>
         <object_component_ref idref="oc-22"/>
      </symbol>
      <symbol id="sm-e1">
         <name>__cleanup_ptr</name>
         <value>0x55cc</value>
         <object_component_ref idref="oc-1f"/>
      </symbol>
      <symbol id="sm-e2">
         <name>__dtors_ptr</name>
         <value>0x55d0</value>
         <object_component_ref idref="oc-1f"/>
      </symbol>
      <symbol id="sm-ec">
         <name>_printf</name>
         <value>0x2447b</value>
         <object_component_ref idref="oc-25"/>
      </symbol>
      <symbol id="sm-f6">
         <name>_Reset</name>
         <value>0x4fe00</value>
         <object_component_ref idref="oc-11"/>
      </symbol>
      <symbol id="sm-104">
         <name>__unlock</name>
         <value>0x55c8</value>
         <object_component_ref idref="oc-2e"/>
      </symbol>
      <symbol id="sm-105">
         <name>__lock</name>
         <value>0x55c4</value>
         <object_component_ref idref="oc-2e"/>
      </symbol>
      <symbol id="sm-106">
         <name>__register_lock</name>
         <value>0x24767</value>
         <object_component_ref idref="oc-2d"/>
      </symbol>
      <symbol id="sm-107">
         <name>__nop</name>
         <value>0x2476f</value>
         <object_component_ref idref="oc-2d"/>
      </symbol>
      <symbol id="sm-108">
         <name>__register_unlock</name>
         <value>0x2475f</value>
         <object_component_ref idref="oc-2d"/>
      </symbol>
      <symbol id="sm-11a">
         <name>__printfi</name>
         <value>0x21362</value>
         <object_component_ref idref="oc-33"/>
      </symbol>
      <symbol id="sm-124">
         <name>__args_main</name>
         <value>0x24518</value>
         <object_component_ref idref="oc-39"/>
      </symbol>
      <symbol id="sm-125">
         <name>__TI_args_main</name>
         <value>0x1</value>
      </symbol>
      <symbol id="sm-12f">
         <name>_atoi</name>
         <value>0x243cb</value>
         <object_component_ref idref="oc-3d"/>
      </symbol>
      <symbol id="sm-137">
         <name>_auto_init</name>
         <value>0x244cb</value>
         <object_component_ref idref="oc-41"/>
      </symbol>
      <symbol id="sm-141">
         <name>__eqld</name>
         <value>0x23575</value>
         <object_component_ref idref="oc-45"/>
      </symbol>
      <symbol id="sm-142">
         <name>__cmpd</name>
         <value>0x235a9</value>
         <object_component_ref idref="oc-45"/>
      </symbol>
      <symbol id="sm-143">
         <name>__neqd</name>
         <value>0x23417</value>
         <object_component_ref idref="oc-45"/>
      </symbol>
      <symbol id="sm-144">
         <name>__gtrd</name>
         <value>0x234e0</value>
         <object_component_ref idref="oc-45"/>
      </symbol>
      <symbol id="sm-145">
         <name>__geqd</name>
         <value>0x2352b</value>
         <object_component_ref idref="oc-45"/>
      </symbol>
      <symbol id="sm-146">
         <name>__leqd</name>
         <value>0x23493</value>
         <object_component_ref idref="oc-45"/>
      </symbol>
      <symbol id="sm-147">
         <name>__lssd</name>
         <value>0x2344b</value>
         <object_component_ref idref="oc-45"/>
      </symbol>
      <symbol id="sm-14f">
         <name>__ctypes_</name>
         <value>0x55d4</value>
         <object_component_ref idref="oc-f5"/>
      </symbol>
      <symbol id="sm-159">
         <name>__tmpnams</name>
         <value>0x51b0</value>
         <object_component_ref idref="oc-4b"/>
      </symbol>
      <symbol id="sm-15a">
         <name>__ft_end</name>
         <value>0x52f0</value>
         <object_component_ref idref="oc-4b"/>
      </symbol>
      <symbol id="sm-15b">
         <name>__ftable</name>
         <value>0x50c0</value>
         <object_component_ref idref="oc-4b"/>
      </symbol>
      <symbol id="sm-167">
         <name>__divd</name>
         <value>0x22914</value>
         <object_component_ref idref="oc-4f"/>
      </symbol>
      <symbol id="sm-172">
         <name>__divul</name>
         <value>0x23f29</value>
         <object_component_ref idref="oc-53"/>
      </symbol>
      <symbol id="sm-17c">
         <name>__fixdi</name>
         <value>0x246a7</value>
         <object_component_ref idref="oc-57"/>
      </symbol>
      <symbol id="sm-186">
         <name>__fixdli</name>
         <value>0x2421d</value>
         <object_component_ref idref="oc-5b"/>
      </symbol>
      <symbol id="sm-192">
         <name>__fltlid</name>
         <value>0x24364</value>
         <object_component_ref idref="oc-5f"/>
      </symbol>
      <symbol id="sm-19c">
         <name>_putchar</name>
         <value>0x23f1a</value>
         <object_component_ref idref="oc-64"/>
      </symbol>
      <symbol id="sm-19d">
         <name>_putc</name>
         <value>0x23e83</value>
         <object_component_ref idref="oc-64"/>
      </symbol>
      <symbol id="sm-19e">
         <name>_fputc</name>
         <value>0x23e83</value>
         <object_component_ref idref="oc-64"/>
      </symbol>
      <symbol id="sm-1ac">
         <name>_puts</name>
         <value>0x23736</value>
         <object_component_ref idref="oc-68"/>
      </symbol>
      <symbol id="sm-1ad">
         <name>_fputs</name>
         <value>0x23601</value>
         <object_component_ref idref="oc-68"/>
      </symbol>
      <symbol id="sm-1b7">
         <name>__frcmpyd_div</name>
         <value>0x24138</value>
         <object_component_ref idref="oc-6d"/>
      </symbol>
      <symbol id="sm-1c1">
         <name>___isinf</name>
         <value>0x2471e</value>
         <object_component_ref idref="oc-71"/>
      </symbol>
      <symbol id="sm-1cb">
         <name>__divull</name>
         <value>0x23094</value>
         <object_component_ref idref="oc-75"/>
      </symbol>
      <symbol id="sm-1cc">
         <name>__mpylli</name>
         <value>0x22fdc</value>
         <object_component_ref idref="oc-75"/>
      </symbol>
      <symbol id="sm-1cd">
         <name>__remlli</name>
         <value>0x22fad</value>
         <object_component_ref idref="oc-75"/>
      </symbol>
      <symbol id="sm-1ce">
         <name>__divlli</name>
         <value>0x23188</value>
         <object_component_ref idref="oc-75"/>
      </symbol>
      <symbol id="sm-1cf">
         <name>__remull</name>
         <value>0x22f5f</value>
         <object_component_ref idref="oc-75"/>
      </symbol>
      <symbol id="sm-1d7">
         <name>__mpyli</name>
         <value>0x2474c</value>
         <object_component_ref idref="oc-79"/>
      </symbol>
      <symbol id="sm-1d8">
         <name>I$$LMPY</name>
         <value>0x2474c</value>
         <object_component_ref idref="oc-79"/>
      </symbol>
      <symbol id="sm-1ea">
         <name>_add_device</name>
         <value>0x219f7</value>
         <object_component_ref idref="oc-7d"/>
      </symbol>
      <symbol id="sm-1eb">
         <name>_rename</name>
         <value>0x21719</value>
         <object_component_ref idref="oc-7d"/>
      </symbol>
      <symbol id="sm-1ec">
         <name>_read</name>
         <value>0x217a8</value>
         <object_component_ref idref="oc-7d"/>
      </symbol>
      <symbol id="sm-1ed">
         <name>_unlink</name>
         <value>0x216e6</value>
         <object_component_ref idref="oc-7d"/>
      </symbol>
      <symbol id="sm-1ee">
         <name>_remove_device</name>
         <value>0x21772</value>
         <object_component_ref idref="oc-7d"/>
      </symbol>
      <symbol id="sm-1ef">
         <name>_open</name>
         <value>0x21856</value>
         <object_component_ref idref="oc-7d"/>
      </symbol>
      <symbol id="sm-1f0">
         <name>_find_registered_device</name>
         <value>0x2197b</value>
         <object_component_ref idref="oc-7d"/>
      </symbol>
      <symbol id="sm-1f1">
         <name>_lseek</name>
         <value>0x21915</value>
         <object_component_ref idref="oc-7d"/>
      </symbol>
      <symbol id="sm-1f2">
         <name>_close</name>
         <value>0x21984</value>
         <object_component_ref idref="oc-7d"/>
      </symbol>
      <symbol id="sm-1f3">
         <name>_write</name>
         <value>0x215a4</value>
         <object_component_ref idref="oc-7d"/>
      </symbol>
      <symbol id="sm-1fd">
         <name>_ltoa</name>
         <value>0x23fca</value>
         <object_component_ref idref="oc-83"/>
      </symbol>
      <symbol id="sm-208">
         <name>_memccpy</name>
         <value>0x246fb</value>
         <object_component_ref idref="oc-87"/>
      </symbol>
      <symbol id="sm-210">
         <name>_memcpy</name>
         <value>0x245f6</value>
         <object_component_ref idref="oc-8b"/>
      </symbol>
      <symbol id="sm-21a">
         <name>__mpyd</name>
         <value>0x238ba</value>
         <object_component_ref idref="oc-8f"/>
      </symbol>
      <symbol id="sm-224">
         <name>__negd</name>
         <value>0x24771</value>
         <object_component_ref idref="oc-93"/>
      </symbol>
      <symbol id="sm-22e">
         <name>__remli</name>
         <value>0x24563</value>
         <object_component_ref idref="oc-97"/>
      </symbol>
      <symbol id="sm-239">
         <name>__remul</name>
         <value>0x241ab</value>
         <object_component_ref idref="oc-9b"/>
      </symbol>
      <symbol id="sm-243">
         <name>__subd</name>
         <value>0x24738</value>
         <object_component_ref idref="oc-9f"/>
      </symbol>
      <symbol id="sm-24f">
         <name>_HOSTopen</name>
         <value>0x21df2</value>
         <object_component_ref idref="oc-a3"/>
      </symbol>
      <symbol id="sm-250">
         <name>_HOSTread</name>
         <value>0x21d65</value>
         <object_component_ref idref="oc-a3"/>
      </symbol>
      <symbol id="sm-251">
         <name>_HOSTtime</name>
         <value>0x21c59</value>
         <object_component_ref idref="oc-a3"/>
      </symbol>
      <symbol id="sm-252">
         <name>_getenv</name>
         <value>0x21ae7</value>
         <object_component_ref idref="oc-a3"/>
      </symbol>
      <symbol id="sm-253">
         <name>_HOSTrename</name>
         <value>0x21cb7</value>
         <object_component_ref idref="oc-a3"/>
      </symbol>
      <symbol id="sm-254">
         <name>_HOSTclock</name>
         <value>0x21fb1</value>
         <object_component_ref idref="oc-a3"/>
      </symbol>
      <symbol id="sm-255">
         <name>_HOSTwrite</name>
         <value>0x21b62</value>
         <object_component_ref idref="oc-a3"/>
      </symbol>
      <symbol id="sm-256">
         <name>_HOSTlseek</name>
         <value>0x21e91</value>
         <object_component_ref idref="oc-a3"/>
      </symbol>
      <symbol id="sm-257">
         <name>_HOSTunlink</name>
         <value>0x21bef</value>
         <object_component_ref idref="oc-a3"/>
      </symbol>
      <symbol id="sm-258">
         <name>_HOSTclose</name>
         <value>0x21f46</value>
         <object_component_ref idref="oc-a3"/>
      </symbol>
      <symbol id="sm-26a">
         <name>C$$IO$$</name>
         <value>0x23e7e</value>
         <object_component_ref idref="oc-ab"/>
      </symbol>
      <symbol id="sm-26b">
         <name>__CIOBUF_</name>
         <value>0x40000</value>
         <object_component_ref idref="oc-aa"/>
      </symbol>
      <symbol id="sm-26c">
         <name>_readmsg</name>
         <value>0x2428c</value>
         <object_component_ref idref="oc-a8"/>
      </symbol>
      <symbol id="sm-26d">
         <name>_writemsg</name>
         <value>0x23dc9</value>
         <object_component_ref idref="oc-ab"/>
      </symbol>
      <symbol id="sm-275">
         <name>__remu</name>
         <value>0x246e6</value>
         <object_component_ref idref="oc-ae"/>
      </symbol>
      <symbol id="sm-276">
         <name>__divu</name>
         <value>0x246d1</value>
         <object_component_ref idref="oc-ae"/>
      </symbol>
      <symbol id="sm-277">
         <name>I$$UMOD</name>
         <value>0x246e6</value>
         <object_component_ref idref="oc-ae"/>
      </symbol>
      <symbol id="sm-278">
         <name>I$$UDIV</name>
         <value>0x246d1</value>
         <object_component_ref idref="oc-ae"/>
      </symbol>
      <symbol id="sm-282">
         <name>__rd_ok</name>
         <value>0x23caa</value>
         <object_component_ref idref="oc-b2"/>
      </symbol>
      <symbol id="sm-283">
         <name>__wrt_ok</name>
         <value>0x23c2a</value>
         <object_component_ref idref="oc-b2"/>
      </symbol>
      <symbol id="sm-28d">
         <name>__addd</name>
         <value>0x231bd</value>
         <object_component_ref idref="oc-b6"/>
      </symbol>
      <symbol id="sm-297">
         <name>__divli</name>
         <value>0x245ae</value>
         <object_component_ref idref="oc-ba"/>
      </symbol>
      <symbol id="sm-2a1">
         <name>__doflush</name>
         <value>0x23d07</value>
         <object_component_ref idref="oc-be"/>
      </symbol>
      <symbol id="sm-2a2">
         <name>_fflush</name>
         <value>0x23d70</value>
         <object_component_ref idref="oc-be"/>
      </symbol>
      <symbol id="sm-2ac">
         <name>__frcmpyd</name>
         <value>0x240c2</value>
         <object_component_ref idref="oc-c2"/>
      </symbol>
      <symbol id="sm-2b6">
         <name>_fseek</name>
         <value>0x242f9</value>
         <object_component_ref idref="oc-c6"/>
      </symbol>
      <symbol id="sm-2c0">
         <name>_setvbuf</name>
         <value>0x23b44</value>
         <object_component_ref idref="oc-ca"/>
      </symbol>
      <symbol id="sm-2cf">
         <name>__cleanup</name>
         <value>0x22e01</value>
         <object_component_ref idref="oc-ce"/>
      </symbol>
      <symbol id="sm-2d0">
         <name>_fopen</name>
         <value>0x22f24</value>
         <object_component_ref idref="oc-ce"/>
      </symbol>
      <symbol id="sm-2d1">
         <name>_freopen</name>
         <value>0x22e5b</value>
         <object_component_ref idref="oc-ce"/>
      </symbol>
      <symbol id="sm-2e1">
         <name>__sys_memory</name>
         <value>0x30c0</value>
         <object_component_ref idref="oc-d8"/>
      </symbol>
      <symbol id="sm-2e2">
         <name>_chkheap</name>
         <value>0x22496</value>
         <object_component_ref idref="oc-d4"/>
      </symbol>
      <symbol id="sm-2e3">
         <name>_realloc</name>
         <value>0x22235</value>
         <object_component_ref idref="oc-d4"/>
      </symbol>
      <symbol id="sm-2e4">
         <name>_free_memory</name>
         <value>0x22440</value>
         <object_component_ref idref="oc-d4"/>
      </symbol>
      <symbol id="sm-2e5">
         <name>_max_free</name>
         <value>0x223e6</value>
         <object_component_ref idref="oc-d4"/>
      </symbol>
      <symbol id="sm-2e6">
         <name>_free</name>
         <value>0x2200f</value>
         <object_component_ref idref="oc-d4"/>
      </symbol>
      <symbol id="sm-2e7">
         <name>_calloc</name>
         <value>0x2249e</value>
         <object_component_ref idref="oc-d4"/>
      </symbol>
      <symbol id="sm-2e8">
         <name>_malloc</name>
         <value>0x22140</value>
         <object_component_ref idref="oc-d4"/>
      </symbol>
      <symbol id="sm-2e9">
         <name>_minit</name>
         <value>0x220db</value>
         <object_component_ref idref="oc-d4"/>
      </symbol>
      <symbol id="sm-2f3">
         <name>_fclose</name>
         <value>0x24047</value>
         <object_component_ref idref="oc-db"/>
      </symbol>
      <symbol id="sm-2fd">
         <name>_remove</name>
         <value>0x24781</value>
         <object_component_ref idref="oc-df"/>
      </symbol>
      <symbol id="sm-325">
         <name>_USBSTK5515_I2C_reset</name>
         <value>0x23a2e</value>
         <object_component_ref idref="oc-e3"/>
      </symbol>
      <symbol id="sm-326">
         <name>_USBSTK5515_I2C_read</name>
         <value>0x23acb</value>
         <object_component_ref idref="oc-e3"/>
      </symbol>
      <symbol id="sm-327">
         <name>_USBSTK5515_I2C_write</name>
         <value>0x23a3c</value>
         <object_component_ref idref="oc-e3"/>
      </symbol>
      <symbol id="sm-328">
         <name>_USBSTK5515_I2C_close</name>
         <value>0x23a25</value>
         <object_component_ref idref="oc-e3"/>
      </symbol>
      <symbol id="sm-329">
         <name>_i2c_timeout</name>
         <value>0x55b6</value>
         <object_component_ref idref="oc-e4"/>
      </symbol>
      <symbol id="sm-32a">
         <name>_USBSTK5515_I2C_init</name>
         <value>0x23a06</value>
         <object_component_ref idref="oc-e3"/>
      </symbol>
      <symbol id="sm-33e">
         <name>_USBSTK5515_GPIO_setDirection</name>
         <value>0x23768</value>
         <object_component_ref idref="oc-ea"/>
      </symbol>
      <symbol id="sm-33f">
         <name>_USBSTK5515_GPIO_getInput</name>
         <value>0x23862</value>
         <object_component_ref idref="oc-ea"/>
      </symbol>
      <symbol id="sm-340">
         <name>_USBSTK5515_GPIO_init</name>
         <value>0x23764</value>
         <object_component_ref idref="oc-ea"/>
      </symbol>
      <symbol id="sm-341">
         <name>_USBSTK5515_GPIO_setOutput</name>
         <value>0x237e5</value>
         <object_component_ref idref="oc-ea"/>
      </symbol>
      <symbol id="sm-34f">
         <name>_USBSTK5515_wait</name>
         <value>0x24427</value>
         <object_component_ref idref="oc-ef"/>
      </symbol>
      <symbol id="sm-350">
         <name>_USBSTK5515_init</name>
         <value>0x2446d</value>
         <object_component_ref idref="oc-ef"/>
      </symbol>
      <symbol id="sm-351">
         <name>_USBSTK5515_waitusec</name>
         <value>0x2445b</value>
         <object_component_ref idref="oc-ef"/>
      </symbol>
   </symbol_table>
</link_info>
