******************************************************************************
              TMS320C55x Linker Unix v4.4.1                    
******************************************************************************
>> Linked Wed Mar 29 15:48:27 2017

OUTPUT FILE NAME:   <Lab9_3.out>
ENTRY POINT SYMBOL: "_c_int00"  address: 00024673


MEMORY CONFIGURATION

         name            origin    length      used     unused   attr    fill
                        (bytes)   (bytes)    (bytes)   (bytes)
----------------------  --------  ---------  --------  --------  ----  --------
PAGE 0:
  MMR                   00000000   000000c0  00000000  000000c0  RWIX
  DARAM0                000000c0   0000ff40  000057f0  0000a750  RWIX
  SARAM0                00010000   00010000  00000000  00010000  RWIX
  SARAM1                00020000   00020000  00004795  0001b86b  RWIX
  SARAM2                00040000   0000fe00  00000338  0000fac8  RWIX
  VECS                  0004fe00   00000200  00000100  00000100  RWIX
  PDROM                 00ff8000   00008000  00000000  00008000  R IX

PAGE 2:
  IOPORT                00000000   00020000  00000000  00020000  RWI 


SECTION ALLOCATION MAP
(Addresses surrounded by []'s are displayed for convenience only!)

output                                                          attributes/
section   page  orgn(bytes) orgn(words) len(bytes) len(words)   input sections
--------  ----  ----------- ----------- ---------- ----------   --------------
.pinit       0   [ 00040000 ]  00020000          *   00000000   UNINITIALIZED

.stack       0   [ 000000c0 ]  00000060          *   00001000   UNINITIALIZED
                 [ 000000c0 ]  00000060          *   00001000   --HOLE--

.data        0   [ 000000c0 ]  00000060          *   00000000   UNINITIALIZED

.sysstack 
*            0   [ 000020c0 ]  00001060          *   00000800   UNINITIALIZED
                 [ 000020c0 ]  00001060          *   00000800   --HOLE--

.sysmem      0   [ 000030c0 ]  00001860          *   00001000   UNINITIALIZED
                 [ 000030c0 ]  00001860          *   00001000   --HOLE--

.bss         0   [ 000050c0 ]  00002860          *   0000028a   UNINITIALIZED
                 [ 000050c0 ]  00002860          *   00000119   rts55x.lib : defs.obj (.bss)
                 [ 000052f2 ]  00002979          *   000000d0              : trgdrv.obj (.bss)
                 [ 00005492 ]  00002a49          *   00000001              : fopen.obj (.bss)
                 [ 00005494 ]  00002a4a          *   00000071              : lowlev.obj (.bss)
                 [ 00005576 ]  00002abb          *   00000020   bit_receiver.obj (.bss)
                 [ 000055b6 ]  00002adb          *   00000001   usbstk5515bsl.lib : usbstk5515_i2c.obj (.bss)
                 [ 000055b8 ]  00002adc          *   00000006   rts55x.lib : memory.obj (.bss)
                 [ 000055c4 ]  00002ae2          *   00000004              : _lock.obj (.bss)
                 [ 000055cc ]  00002ae6          *   00000004              : exit.obj (.bss)

.const.1     0   [ 000055d4 ]  00002aea          *   00000101   
                 [ 000055d4 ]  00002aea          *   00000101   rts55x.lib : ctype.obj (.const:__ctypes_)

.const.2     0   [ 000057d8 ]  00002bec          *   00000031   
                 [ 000057d8 ]  00002bec          *   00000031   bit_receiver.obj (.const:.string)

.const.3     0   [ 0000583c ]  00002c1e          *   0000003c   
                 [ 0000583c ]  00002c1e          *   00000024   rts55x.lib : _printfi.obj (.const:.string)
                 [ 00005884 ]  00002c42          *   0000000c              : _printfi.obj (.const)
                 [ 0000589c ]  00002c4e          *   00000008              : divd.obj (.const:_initial_approx$1)
                 [ 000058ac ]  00002c56          *   00000002              : fputs.obj (.const:.string)
                 [ 000058b0 ]  00002c58          *   00000002              : fltlid.obj (.const)

.text        0     00020000  [ 00010000 ] 00004795          *   
                   00020000  [ 00010000 ] 000015a4          *   rts55x.lib : _printfi.obj (.text)
                   000215a4  [ 00010ad2 ] 00000543          *              : lowlev.obj (.text)
                   00021ae7  [ 00010d73+] 00000528          *              : trgdrv.obj (.text)
                   0002200f  [ 00011007+] 000004b5          *              : memory.obj (.text)
                   000224c4  [ 00011262 ] 00000450          *   bit_receiver.obj (.text)
                   00022914  [ 0001148a ] 000003cc          *   rts55x.lib : divd.obj (.text)
                   00022ce0  [ 00011670 ] 0000027f          *              : fopen.obj (.text)
                   00022f5f  [ 000117af+] 0000025e          *              : llmpy.obj (.text)
                   000231bd  [ 000118de+] 0000025a          *              : addd.obj (.text)
                   00023417  [ 00011a0b+] 000001ea          *              : cmpd.obj (.text)
                   00023601  [ 00011b00+] 00000163          *              : fputs.obj (.text)
                   00023764  [ 00011bb2 ] 00000156          *   usbstk5515bsl.lib : usbstk5515_gpio.obj (.text)
                   000238ba  [ 00011c5d ] 0000014c          *   rts55x.lib : mpyd.obj (.text)
                   00023a06  [ 00011d03 ] 0000013e          *   usbstk5515bsl.lib : usbstk5515_i2c.obj (.text)
                   00023b44  [ 00011da2 ] 000000e6          *   rts55x.lib : setvbuf.obj (.text)
                   00023c2a  [ 00011e15 ] 000000dd          *              : _io_perm.obj (.text)
                   00023d07  [ 00011e83+] 000000c2          *              : fflush.obj (.text)
                   00023dc9  [ 00011ee4+] 000000ba          *              : trgmsg.obj (.text:CIO_breakpoint)
                   00023e83  [ 00011f41+] 000000a6          *              : fputc.obj (.text)
                   00023f29  [ 00011f94+] 000000a1          *              : divul.obj (.text)
                   00023fca  [ 00011fe5 ] 0000007d          *              : ltoa.obj (.text)
                   00024047  [ 00012023+] 0000007b          *              : fclose.obj (.text)
                   000240c2  [ 00012061 ] 00000076          *              : frcmpyd.obj (.text)
                   00024138  [ 0001209c ] 00000073          *              : frcmpyd_div.obj (.text)
                   000241ab  [ 000120d5+] 00000072          *              : remul.obj (.text)
                   0002421d  [ 0001210e+] 0000006f          *              : fixdli.obj (.text)
                   0002428c  [ 00012146 ] 0000006d          *              : trgmsg.obj (.text)
                   000242f9  [ 0001217c+] 0000006b          *              : fseek.obj (.text)
                   00024364  [ 000121b2 ] 00000067          *              : fltlid.obj (.text)
                   000243cb  [ 000121e5+] 0000005c          *              : atoi.obj (.text)
                   00024427  [ 00012213+] 00000054          *   usbstk5515bsl.lib : usbstk5515.obj (.text)
                   0002447b  [ 0001223d+] 00000050          *   rts55x.lib : printf.obj (.text)
                   000244cb  [ 00012265+] 0000004d          *              : autoinit.obj (.text)
                   00024518  [ 0001228c ] 0000004b          *              : args_main.obj (.text)
                   00024563  [ 000122b1+] 0000004b          *              : remli.obj (.text)
                   000245ae  [ 000122d7 ] 00000048          *              : divli.obj (.text)
                   000245f6  [ 000122fb ] 0000003f          *              : memcpy.obj (.text)
                   00024635  [ 0001231a+] 0000003e          *              : exit.obj (.text)
                   00024673  [ 00012339+] 00000034          *              : boot.obj (.text)
                   000246a7  [ 00012353+] 0000002a          *              : fixdi.obj (.text)
                   000246d1  [ 00012368+] 0000002a          *              : udiv.obj (.text)
                   000246fb  [ 0001237d+] 00000023          *              : memccpy.obj (.text)
                   0002471e  [ 0001238f ] 0000001a          *              : isinf.obj (.text)
                   00024738  [ 0001239c ] 00000014          *              : subd.obj (.text)
                   0002474c  [ 000123a6 ] 00000013          *              : lmpy.obj (.text)
                   0002475f  [ 000123af+] 00000012          *              : _lock.obj (.text)
                   00024771  [ 000123b8+] 00000010          *              : negd.obj (.text)
                   00024781  [ 000123c0+] 0000000a          *              : remove.obj (.text)
                   0002478b  [ 000123c5+] 00000007          *              : exit.obj (.text:CIO_breakpoint)
                   00024792  [ 000123c9 ] 00000002          *              : vectors.obj (.text)
                   00024794  [ 000123ca ] 00000001          *   --HOLE-- [fill = 20]

.cio         0   [ 00040000 ]  00020000          *   00000120   UNINITIALIZED
                 [ 00040000 ]  00020000          *   00000120   rts55x.lib : trgmsg.obj (.cio)

.cinit       0   [ 00040240 ]  00020120          *   0000007c   
                 [ 00040240 ]  00020120          *   0000002d   rts55x.lib : lowlev.obj (.cinit)
                 [ 0004029a ]  0002014d          *   0000002a              : defs.obj (.cinit)
                 [ 000402ee ]  00020177          *   0000000a              : _lock.obj (.cinit)
                 [ 00040302 ]  00020181          *   0000000a              : exit.obj (.cinit)
                 [ 00040316 ]  0002018b          *   00000004   bit_receiver.obj (.cinit)
                 [ 0004031e ]  0002018f          *   00000004   rts55x.lib : fopen.obj (.cinit)
                 [ 00040326 ]  00020193          *   00000004              : memory.obj (.cinit)
                 [ 0004032e ]  00020197          *   00000004   usbstk5515bsl.lib : usbstk5515_i2c.obj (.cinit)
                 [ 00040336 ]  0002019b          *   00000001   --HOLE-- [fill = 0]

vectors      0     0004fe00  [ 00027f00 ] 00000100          *   
                   0004fe00  [ 00027f00 ] 00000100          *   rts55x.lib : vectors.obj (vectors)


GLOBAL SYMBOLS: SORTED ALPHABETICALLY BY Name 

abs. value/
byte addr   word addr   name
---------   ---------   ----
00000002                $TI_capability$C5500$CallingConvention
00000002                $TI_capability$C5500$MemoryModel
00000001                $TI_capability_requires_rev3
ffffffff                .bss
ffffffff                .data
ffffffff                .text
0002478c                C$$EXIT
00023e7e                C$$IO$$
0002474c                I$$LMPY
000246d1                I$$UDIV
000246e6                I$$UMOD
000224e6                _AIC3204_config
000224c4                _AIC3204_rset
00021fb1                _HOSTclock
00021f46                _HOSTclose
00021e91                _HOSTlseek
00021df2                _HOSTopen
00021d65                _HOSTread
00021cb7                _HOSTrename
00021c59                _HOSTtime
00021bef                _HOSTunlink
00021b62                _HOSTwrite
            00002abb    _LEFT_DATA
            00002abc    _RIGHT_DATA
0004fe00                _Reset
00023862                _USBSTK5515_GPIO_getInput
00023764                _USBSTK5515_GPIO_init
00023768                _USBSTK5515_GPIO_setDirection
000237e5                _USBSTK5515_GPIO_setOutput
00023a25                _USBSTK5515_I2C_close
00023a06                _USBSTK5515_I2C_init
00023acb                _USBSTK5515_I2C_read
00023a2e                _USBSTK5515_I2C_reset
00023a3c                _USBSTK5515_I2C_write
0002446d                _USBSTK5515_init
00024427                _USBSTK5515_wait
0002445b                _USBSTK5515_waitusec
            00020000    __CIOBUF_
            00001060    __STACK_END
00002000                __STACK_SIZE
00002000                __SYSMEM_SIZE
00001000                __SYSSTACK_SIZE
00000001                __TI_args_main
ffffffff                ___binit__
ffffffff                ___bss__
ffffffff                ___c_args__
            00020120    ___cinit__
ffffffff                ___data__
ffffffff                ___edata__
ffffffff                ___end__
ffffffff                ___etext__
0002471e                ___isinf
ffffffff                ___pinit__
ffffffff                ___text__
000231bd                __addd
00024518                __args_main
00022e01                __cleanup
            00002ae6    __cleanup_ptr
000235a9                __cmpd
            00002aea    __ctypes_
00022914                __divd
000245ae                __divli
00023188                __divlli
000246d1                __divu
00023f29                __divul
00023094                __divull
00023d07                __doflush
            00002ae8    __dtors_ptr
00023575                __eqld
000246a7                __fixdi
0002421d                __fixdli
00024364                __fltlid
000240c2                __frcmpyd
00024138                __frcmpyd_div
            00002978    __ft_end
            00002860    __ftable
0002352b                __geqd
000234e0                __gtrd
00023493                __leqd
            00002ae2    __lock
0002344b                __lssd
000238ba                __mpyd
0002474c                __mpyli
00022fdc                __mpylli
00024771                __negd
00023417                __neqd
0002476f                __nop
00021362                __printfi
00023caa                __rd_ok
00024767                __register_lock
0002475f                __register_unlock
00024563                __remli
00022fad                __remlli
000246e6                __remu
000241ab                __remul
00022f5f                __remull
            00000060    __stack
00024738                __subd
            00001860    __sys_memory
            00001060    __sysstack
            000028d8    __tmpnams
            00002ae4    __unlock
00023c2a                __wrt_ok
0002478b                _abort
000219f7                _add_device
000243cb                _atoi
000244cb                _auto_init
00024673                _c_int00
0002249e                _calloc
00022496                _chkheap
00021984                _close
            00002abd    _data_received
00022684                _detect_one
0002270b                _detect_zero
00024635                _exit
00024047                _fclose
00023d70                _fflush
0002197b                _find_registered_device
00022f24                _fopen
00023e83                _fputc
00023601                _fputs
0002200f                _free
00022440                _free_memory
00022e5b                _freopen
000242f9                _fseek
00021ae7                _getenv
            00002adb    _i2c_timeout
00021915                _lseek
00023fca                _ltoa
00022792                _main
00022140                _malloc
000223e6                _max_free
000246fb                _memccpy
000245f6                _memcpy
000220db                _minit
00021856                _open
0002447b                _printf
00023e83                _putc
00023f1a                _putchar
00023736                _puts
000217a8                _read
0002428c                _readmsg
00022235                _realloc
00024781                _remove
00021772                _remove_device
00021719                _rename
00023b44                _setvbuf
000216e6                _unlink
000215a4                _write
00023dc9                _writemsg
ffffffff                binit
            00020120    cinit
ffffffff                edata
ffffffff                end
ffffffff                etext
ffffffff                pinit


GLOBAL SYMBOLS: SORTED BY Symbol Address 

abs. value/
byte addr   word addr   name
---------   ---------   ----
00000001                $TI_capability_requires_rev3
00000001                __TI_args_main
00000002                $TI_capability$C5500$CallingConvention
00000002                $TI_capability$C5500$MemoryModel
            00000060    __stack
00001000                __SYSSTACK_SIZE
00002000                __STACK_SIZE
00002000                __SYSMEM_SIZE
            00001060    __STACK_END
            00001060    __sysstack
            00001860    __sys_memory
            00002860    __ftable
            000028d8    __tmpnams
            00002978    __ft_end
            00002abb    _LEFT_DATA
            00002abc    _RIGHT_DATA
            00002abd    _data_received
            00002adb    _i2c_timeout
            00002ae2    __lock
            00002ae4    __unlock
            00002ae6    __cleanup_ptr
            00002ae8    __dtors_ptr
            00002aea    __ctypes_
00021362                __printfi
000215a4                _write
000216e6                _unlink
00021719                _rename
00021772                _remove_device
000217a8                _read
00021856                _open
00021915                _lseek
0002197b                _find_registered_device
00021984                _close
000219f7                _add_device
00021ae7                _getenv
00021b62                _HOSTwrite
00021bef                _HOSTunlink
00021c59                _HOSTtime
00021cb7                _HOSTrename
00021d65                _HOSTread
00021df2                _HOSTopen
00021e91                _HOSTlseek
00021f46                _HOSTclose
00021fb1                _HOSTclock
0002200f                _free
000220db                _minit
00022140                _malloc
00022235                _realloc
000223e6                _max_free
00022440                _free_memory
00022496                _chkheap
0002249e                _calloc
000224c4                _AIC3204_rset
000224e6                _AIC3204_config
00022684                _detect_one
0002270b                _detect_zero
00022792                _main
00022914                __divd
00022e01                __cleanup
00022e5b                _freopen
00022f24                _fopen
00022f5f                __remull
00022fad                __remlli
00022fdc                __mpylli
00023094                __divull
00023188                __divlli
000231bd                __addd
00023417                __neqd
0002344b                __lssd
00023493                __leqd
000234e0                __gtrd
0002352b                __geqd
00023575                __eqld
000235a9                __cmpd
00023601                _fputs
00023736                _puts
00023764                _USBSTK5515_GPIO_init
00023768                _USBSTK5515_GPIO_setDirection
000237e5                _USBSTK5515_GPIO_setOutput
00023862                _USBSTK5515_GPIO_getInput
000238ba                __mpyd
00023a06                _USBSTK5515_I2C_init
00023a25                _USBSTK5515_I2C_close
00023a2e                _USBSTK5515_I2C_reset
00023a3c                _USBSTK5515_I2C_write
00023acb                _USBSTK5515_I2C_read
00023b44                _setvbuf
00023c2a                __wrt_ok
00023caa                __rd_ok
00023d07                __doflush
00023d70                _fflush
00023dc9                _writemsg
00023e7e                C$$IO$$
00023e83                _fputc
00023e83                _putc
00023f1a                _putchar
00023f29                __divul
00023fca                _ltoa
00024047                _fclose
000240c2                __frcmpyd
00024138                __frcmpyd_div
000241ab                __remul
0002421d                __fixdli
0002428c                _readmsg
000242f9                _fseek
00024364                __fltlid
000243cb                _atoi
00024427                _USBSTK5515_wait
0002445b                _USBSTK5515_waitusec
0002446d                _USBSTK5515_init
0002447b                _printf
000244cb                _auto_init
00024518                __args_main
00024563                __remli
000245ae                __divli
000245f6                _memcpy
00024635                _exit
00024673                _c_int00
000246a7                __fixdi
000246d1                I$$UDIV
000246d1                __divu
000246e6                I$$UMOD
000246e6                __remu
000246fb                _memccpy
0002471e                ___isinf
00024738                __subd
0002474c                I$$LMPY
0002474c                __mpyli
0002475f                __register_unlock
00024767                __register_lock
0002476f                __nop
00024771                __negd
00024781                _remove
0002478b                _abort
0002478c                C$$EXIT
            00020000    __CIOBUF_
            00020120    ___cinit__
            00020120    cinit
0004fe00                _Reset
ffffffff                .bss
ffffffff                .data
ffffffff                .text
ffffffff                ___binit__
ffffffff                ___bss__
ffffffff                ___c_args__
ffffffff                ___data__
ffffffff                ___edata__
ffffffff                ___end__
ffffffff                ___etext__
ffffffff                ___pinit__
ffffffff                ___text__
ffffffff                binit
ffffffff                edata
ffffffff                end
ffffffff                etext
ffffffff                pinit

[156 symbols]
