******************************************************************************
              TMS320C55x Linker Unix v4.4.1                    
******************************************************************************
>> Linked Wed Feb  8 14:38:29 2017

OUTPUT FILE NAME:   <Lab4_1.out>
ENTRY POINT SYMBOL: "_c_int00"  address: 0002012a


MEMORY CONFIGURATION

         name            origin    length      used     unused   attr    fill
                        (bytes)   (bytes)    (bytes)   (bytes)
----------------------  --------  ---------  --------  --------  ----  --------
PAGE 0:
  MMR                   00000000   000000c0  00000000  000000c0  RWIX
  DARAM0                000000c0   0000ff40  0000301a  0000cf26  RWIX
  SARAM0                00010000   00010000  00000000  00010000  RWIX
  SARAM1                00020000   00020000  000001a5  0001fe5b  RWIX
  SARAM2                00040000   0000fe00  0000002a  0000fdd6  RWIX
  VECS                  0004fe00   00000200  00000100  00000100  RWIX
  PDROM                 00ff8000   00008000  00000000  00008000  R IX

PAGE 2:
  IOPORT                00000000   00020000  00000000  00020000  RWI 


SECTION ALLOCATION MAP
(Addresses surrounded by []'s are displayed for convenience only!)

output                                                          attributes/
section   page  orgn(bytes) orgn(words) len(bytes) len(words)   input sections
--------  ----  ----------- ----------- ---------- ----------   --------------
.pinit       0   [ 00040000 ]  00020000          *   00000000   UNINITIALIZED

.stack       0   [ 000000c0 ]  00000060          *   00001000   UNINITIALIZED
                 [ 000000c0 ]  00000060          *   00001000   --HOLE--

.sysstack 
*            0   [ 000020c0 ]  00001060          *   00000800   UNINITIALIZED
                 [ 000020c0 ]  00001060          *   00000800   --HOLE--

.data        0   [ 000030c0 ]  00001860          *   00000005   
                 [ 000030c0 ]  00001860          *   00000005   circbuffconfig.obj (.data)

.bss         0   [ 000030cc ]  00001866          *   00000008   UNINITIALIZED
                 [ 000030cc ]  00001866          *   00000004   rts55x.lib : _lock.obj (.bss)
                 [ 000030d4 ]  0000186a          *   00000004              : exit.obj (.bss)

.text        0     00020000  [ 00010000 ] 000001a5          *   
                   00020000  [ 00010000 ] 00000054          *   usbstk5515bsl.lib : usbstk5515.obj (.text)
                   00020054  [ 0001002a ] 0000004d          *   rts55x.lib : autoinit.obj (.text)
                   000200a1  [ 00010050+] 0000004b          *              : args_main.obj (.text)
                   000200ec  [ 00010076 ] 0000003e          *              : exit.obj (.text)
                   0002012a  [ 00010095 ] 00000034          *              : boot.obj (.text)
                   0002015e  [ 000100af ] 00000019          *   circbuffconfig.obj (.text)
                   00020177  [ 000100bb+] 00000012          *   main.obj (.text)
                   00020189  [ 000100c4+] 00000012          *   rts55x.lib : _lock.obj (.text)
                   0002019b  [ 000100cd+] 00000007          *              : exit.obj (.text:CIO_breakpoint)
                   000201a2  [ 000100d1 ] 00000002          *              : vectors.obj (.text)
                   000201a4  [ 000100d2 ] 00000001          *   --HOLE-- [fill = 20]

.cinit       0   [ 00040000 ]  00020000          *   00000015   
                 [ 00040000 ]  00020000          *   0000000a   rts55x.lib : _lock.obj (.cinit)
                 [ 00040014 ]  0002000a          *   0000000a              : exit.obj (.cinit)
                 [ 00040028 ]  00020014          *   00000001   --HOLE-- [fill = 0]

vectors      0     0004fe00  [ 00027f00 ] 00000100          *   
                   0004fe00  [ 00027f00 ] 00000100          *   rts55x.lib : vectors.obj (vectors)


GLOBAL SYMBOLS: SORTED ALPHABETICALLY BY Name 

abs. value/
byte addr   word addr   name
---------   ---------   ----
00000002                $TI_capability$C5500$CallingConvention
00000002                $TI_capability$C5500$MemoryModel
00000001                $TI_capability_requires_rev3
ffffffff                .bss
ffffffff                .data
ffffffff                .text
0002019c                C$$EXIT
0004fe00                _Reset
00020046                _USBSTK5515_init
00020000                _USBSTK5515_wait
00020034                _USBSTK5515_waitusec
            00001060    __STACK_END
00002000                __STACK_SIZE
00001000                __SYSSTACK_SIZE
00000001                __TI_args_main
ffffffff                ___binit__
ffffffff                ___bss__
ffffffff                ___c_args__
            00020000    ___cinit__
ffffffff                ___data__
ffffffff                ___edata__
ffffffff                ___end__
ffffffff                ___etext__
ffffffff                ___pinit__
ffffffff                ___text__
000200a1                __args_main
            0000186a    __cleanup_ptr
            0000186c    __dtors_ptr
            00001866    __lock
00020199                __nop
00020191                __register_lock
00020189                __register_unlock
            00000060    __stack
            00001060    __sysstack
            00001868    __unlock
0002019b                _abort
00020054                _auto_init
0002012a                _c_int00
0002015e                _circbuffconfig
000200ec                _exit
00020177                _main
ffffffff                binit
            00020000    cinit
ffffffff                edata
ffffffff                end
ffffffff                etext
ffffffff                pinit


GLOBAL SYMBOLS: SORTED BY Symbol Address 

abs. value/
byte addr   word addr   name
---------   ---------   ----
00000001                $TI_capability_requires_rev3
00000001                __TI_args_main
00000002                $TI_capability$C5500$CallingConvention
00000002                $TI_capability$C5500$MemoryModel
            00000060    __stack
00001000                __SYSSTACK_SIZE
00002000                __STACK_SIZE
            00001060    __STACK_END
            00001060    __sysstack
            00001866    __lock
            00001868    __unlock
            0000186a    __cleanup_ptr
            0000186c    __dtors_ptr
00020000                _USBSTK5515_wait
00020034                _USBSTK5515_waitusec
00020046                _USBSTK5515_init
00020054                _auto_init
000200a1                __args_main
000200ec                _exit
0002012a                _c_int00
0002015e                _circbuffconfig
00020177                _main
00020189                __register_unlock
00020191                __register_lock
00020199                __nop
0002019b                _abort
0002019c                C$$EXIT
            00020000    ___cinit__
            00020000    cinit
0004fe00                _Reset
ffffffff                .bss
ffffffff                .data
ffffffff                .text
ffffffff                ___binit__
ffffffff                ___bss__
ffffffff                ___c_args__
ffffffff                ___data__
ffffffff                ___edata__
ffffffff                ___end__
ffffffff                ___etext__
ffffffff                ___pinit__
ffffffff                ___text__
ffffffff                binit
ffffffff                edata
ffffffff                end
ffffffff                etext
ffffffff                pinit

[47 symbols]
