******************************************************************************
              TMS320C55x Linker Unix v4.4.1                    
******************************************************************************
>> Linked Wed Apr  5 16:02:45 2017

OUTPUT FILE NAME:   <Lab9_4.out>
ENTRY POINT SYMBOL: "_c_int00"  address: 0002485a


MEMORY CONFIGURATION

         name            origin    length      used     unused   attr    fill
                        (bytes)   (bytes)    (bytes)   (bytes)
----------------------  --------  ---------  --------  --------  ----  --------
PAGE 0:
  MMR                   00000000   000000c0  00000000  000000c0  RWIX
  DARAM0                000000c0   0000ff40  00006786  000097ba  RWIX
  SARAM0                00010000   00010000  00000000  00010000  RWIX
  SARAM1                00020000   00020000  0000497c  0001b684  RWIX
  SARAM2                00040000   0000fe00  00000376  0000fa8a  RWIX
  VECS                  0004fe00   00000200  00000100  00000100  RWIX
  PDROM                 00ff8000   00008000  00000000  00008000  R IX

PAGE 2:
  IOPORT                00000000   00020000  00000000  00020000  RWI 


SECTION ALLOCATION MAP
(Addresses surrounded by []'s are displayed for convenience only!)

output                                                          attributes/
section   page  orgn(bytes) orgn(words) len(bytes) len(words)   input sections
--------  ----  ----------- ----------- ---------- ----------   --------------
.pinit       0   [ 00040000 ]  00020000          *   00000000   UNINITIALIZED

.stack       0   [ 000000c0 ]  00000060          *   00001000   UNINITIALIZED
                 [ 000000c0 ]  00000060          *   00001000   --HOLE--

.data        0   [ 000000c0 ]  00000060          *   00000000   UNINITIALIZED

.sysstack 
*            0   [ 000020c0 ]  00001060          *   00000800   UNINITIALIZED
                 [ 000020c0 ]  00001060          *   00000800   --HOLE--

.sysmem      0   [ 000030c0 ]  00001860          *   00001000   UNINITIALIZED
                 [ 000030c0 ]  00001860          *   00001000   --HOLE--

.bss         0   [ 000050c0 ]  00002860          *   00000a82   UNINITIALIZED
                 [ 000050c0 ]  00002860          *   00000818   char_receiver.obj (.bss)
                 [ 000060f0 ]  00003078          *   00000119   rts55x.lib : defs.obj (.bss)
                 [ 00006322 ]  00003191          *   000000d0              : trgdrv.obj (.bss)
                 [ 000064c2 ]  00003261          *   00000001              : fopen.obj (.bss)
                 [ 000064c4 ]  00003262          *   00000071              : lowlev.obj (.bss)
                 [ 000065a6 ]  000032d3          *   00000001   usbstk5515bsl.lib : usbstk5515_i2c.obj (.bss)
                 [ 000065a8 ]  000032d4          *   00000006   rts55x.lib : memory.obj (.bss)
                 [ 000065b4 ]  000032da          *   00000004              : _lock.obj (.bss)
                 [ 000065bc ]  000032de          *   00000004              : exit.obj (.bss)

.const.1     0   [ 000065c4 ]  000032e2          *   00000101   
                 [ 000065c4 ]  000032e2          *   00000101   rts55x.lib : ctype.obj (.const:__ctypes_)

.const.2     0   [ 000067c8 ]  000033e4          *   00000040   
                 [ 000067c8 ]  000033e4          *   00000024   rts55x.lib : _printfi.obj (.const:.string)
                 [ 00006810 ]  00003408          *   0000000c              : _printfi.obj (.const)
                 [ 00006828 ]  00003414          *   00000008              : divd.obj (.const:_initial_approx$1)
                 [ 00006838 ]  0000341c          *   00000004   char_receiver.obj (.const:.string)
                 [ 00006840 ]  00003420          *   00000002   rts55x.lib : fputs.obj (.const:.string)
                 [ 00006844 ]  00003422          *   00000002              : fltlid.obj (.const)

.text        0     00020000  [ 00010000 ] 0000497c          *   
                   00020000  [ 00010000 ] 000015a4          *   rts55x.lib : _printfi.obj (.text)
                   000215a4  [ 00010ad2 ] 00000637          *   char_receiver.obj (.text)
                   00021bdb  [ 00010ded+] 00000543          *   rts55x.lib : lowlev.obj (.text)
                   0002211e  [ 0001108f ] 00000528          *              : trgdrv.obj (.text)
                   00022646  [ 00011323 ] 000004b5          *              : memory.obj (.text)
                   00022afb  [ 0001157d+] 000003cc          *              : divd.obj (.text)
                   00022ec7  [ 00011763+] 0000027f          *              : fopen.obj (.text)
                   00023146  [ 000118a3 ] 0000025e          *              : llmpy.obj (.text)
                   000233a4  [ 000119d2 ] 0000025a          *              : addd.obj (.text)
                   000235fe  [ 00011aff ] 000001ea          *              : cmpd.obj (.text)
                   000237e8  [ 00011bf4 ] 00000163          *              : fputs.obj (.text)
                   0002394b  [ 00011ca5+] 00000156          *   usbstk5515bsl.lib : usbstk5515_gpio.obj (.text)
                   00023aa1  [ 00011d50+] 0000014c          *   rts55x.lib : mpyd.obj (.text)
                   00023bed  [ 00011df6+] 0000013e          *   usbstk5515bsl.lib : usbstk5515_i2c.obj (.text)
                   00023d2b  [ 00011e95+] 000000e6          *   rts55x.lib : setvbuf.obj (.text)
                   00023e11  [ 00011f08+] 000000dd          *              : _io_perm.obj (.text)
                   00023eee  [ 00011f77 ] 000000c2          *              : fflush.obj (.text)
                   00023fb0  [ 00011fd8 ] 000000ba          *              : trgmsg.obj (.text:CIO_breakpoint)
                   0002406a  [ 00012035 ] 000000a6          *              : fputc.obj (.text)
                   00024110  [ 00012088 ] 000000a1          *              : divul.obj (.text)
                   000241b1  [ 000120d8+] 0000007d          *              : ltoa.obj (.text)
                   0002422e  [ 00012117 ] 0000007b          *              : fclose.obj (.text)
                   000242a9  [ 00012154+] 00000076          *              : frcmpyd.obj (.text)
                   0002431f  [ 0001218f+] 00000073          *              : frcmpyd_div.obj (.text)
                   00024392  [ 000121c9 ] 00000072          *              : remul.obj (.text)
                   00024404  [ 00012202 ] 0000006f          *              : fixdli.obj (.text)
                   00024473  [ 00012239+] 0000006d          *              : trgmsg.obj (.text)
                   000244e0  [ 00012270 ] 0000006b          *              : fseek.obj (.text)
                   0002454b  [ 000122a5+] 00000067          *              : fltlid.obj (.text)
                   000245b2  [ 000122d9 ] 0000005c          *              : atoi.obj (.text)
                   0002460e  [ 00012307 ] 00000054          *   usbstk5515bsl.lib : usbstk5515.obj (.text)
                   00024662  [ 00012331 ] 00000050          *   rts55x.lib : printf.obj (.text)
                   000246b2  [ 00012359 ] 0000004d          *              : autoinit.obj (.text)
                   000246ff  [ 0001237f+] 0000004b          *              : args_main.obj (.text)
                   0002474a  [ 000123a5 ] 0000004b          *              : remli.obj (.text)
                   00024795  [ 000123ca+] 00000048          *              : divli.obj (.text)
                   000247dd  [ 000123ee+] 0000003f          *              : memcpy.obj (.text)
                   0002481c  [ 0001240e ] 0000003e          *              : exit.obj (.text)
                   0002485a  [ 0001242d ] 00000034          *              : boot.obj (.text)
                   0002488e  [ 00012447 ] 0000002a          *              : fixdi.obj (.text)
                   000248b8  [ 0001245c ] 0000002a          *              : udiv.obj (.text)
                   000248e2  [ 00012471 ] 00000023          *              : memccpy.obj (.text)
                   00024905  [ 00012482+] 0000001a          *              : isinf.obj (.text)
                   0002491f  [ 0001248f+] 00000014          *              : subd.obj (.text)
                   00024933  [ 00012499+] 00000013          *              : lmpy.obj (.text)
                   00024946  [ 000124a3 ] 00000012          *              : _lock.obj (.text)
                   00024958  [ 000124ac ] 00000010          *              : negd.obj (.text)
                   00024968  [ 000124b4 ] 0000000a          *              : remove.obj (.text)
                   00024972  [ 000124b9 ] 00000007          *              : exit.obj (.text:CIO_breakpoint)
                   00024979  [ 000124bc+] 00000002          *              : vectors.obj (.text)
                   0002497b  [ 000124bd ] 00000001          *   --HOLE-- [fill = 20]

.cio         0   [ 00040000 ]  00020000          *   00000120   UNINITIALIZED
                 [ 00040000 ]  00020000          *   00000120   rts55x.lib : trgmsg.obj (.cio)

.cinit       0   [ 00040240 ]  00020120          *   0000009b   
                 [ 00040240 ]  00020120          *   0000002d   rts55x.lib : lowlev.obj (.cinit)
                 [ 0004029a ]  0002014d          *   0000002a              : defs.obj (.cinit)
                 [ 000402ee ]  00020177          *   00000023   char_receiver.obj (.cinit)
                 [ 00040334 ]  0002019a          *   0000000a   rts55x.lib : _lock.obj (.cinit)
                 [ 00040348 ]  000201a4          *   0000000a              : exit.obj (.cinit)
                 [ 0004035c ]  000201ae          *   00000004              : fopen.obj (.cinit)
                 [ 00040364 ]  000201b2          *   00000004              : memory.obj (.cinit)
                 [ 0004036c ]  000201b6          *   00000004   usbstk5515bsl.lib : usbstk5515_i2c.obj (.cinit)
                 [ 00040374 ]  000201ba          *   00000001   --HOLE-- [fill = 0]

vectors      0     0004fe00  [ 00027f00 ] 00000100          *   
                   0004fe00  [ 00027f00 ] 00000100          *   rts55x.lib : vectors.obj (vectors)


GLOBAL SYMBOLS: SORTED ALPHABETICALLY BY Name 

abs. value/
byte addr   word addr   name
---------   ---------   ----
00000002                $TI_capability$C5500$CallingConvention
00000002                $TI_capability$C5500$MemoryModel
00000001                $TI_capability_requires_rev3
ffffffff                .bss
ffffffff                .data
ffffffff                .text
00024973                C$$EXIT
00024065                C$$IO$$
00024933                I$$LMPY
000248b8                I$$UDIV
000248cd                I$$UMOD
000215c6                _AIC3204_config
000215a4                _AIC3204_rset
000225e8                _HOSTclock
0002257d                _HOSTclose
000224c8                _HOSTlseek
00022429                _HOSTopen
0002239c                _HOSTread
000222ee                _HOSTrename
00022290                _HOSTtime
00022226                _HOSTunlink
00022199                _HOSTwrite
            00002860    _LEFT_DATA
            00002861    _RIGHT_DATA
0004fe00                _Reset
00023a49                _USBSTK5515_GPIO_getInput
0002394b                _USBSTK5515_GPIO_init
0002394f                _USBSTK5515_GPIO_setDirection
000239cc                _USBSTK5515_GPIO_setOutput
00023c0c                _USBSTK5515_I2C_close
00023bed                _USBSTK5515_I2C_init
00023cb2                _USBSTK5515_I2C_read
00023c15                _USBSTK5515_I2C_reset
00023c23                _USBSTK5515_I2C_write
00024654                _USBSTK5515_init
0002460e                _USBSTK5515_wait
00024642                _USBSTK5515_waitusec
            00020000    __CIOBUF_
            00001060    __STACK_END
00002000                __STACK_SIZE
00002000                __SYSMEM_SIZE
00001000                __SYSSTACK_SIZE
00000001                __TI_args_main
ffffffff                ___binit__
ffffffff                ___bss__
ffffffff                ___c_args__
            00020120    ___cinit__
ffffffff                ___data__
ffffffff                ___edata__
ffffffff                ___end__
ffffffff                ___etext__
00024905                ___isinf
ffffffff                ___pinit__
ffffffff                ___text__
000233a4                __addd
000246ff                __args_main
00022fe8                __cleanup
            000032de    __cleanup_ptr
00023790                __cmpd
            000032e2    __ctypes_
00022afb                __divd
00024795                __divli
0002336f                __divlli
000248b8                __divu
00024110                __divul
0002327b                __divull
00023eee                __doflush
            000032e0    __dtors_ptr
0002375c                __eqld
0002488e                __fixdi
00024404                __fixdli
0002454b                __fltlid
000242a9                __frcmpyd
0002431f                __frcmpyd_div
            00003190    __ft_end
            00003078    __ftable
00023712                __geqd
000236c7                __gtrd
0002367a                __leqd
            000032da    __lock
00023632                __lssd
00023aa1                __mpyd
00024933                __mpyli
000231c3                __mpylli
00024958                __negd
000235fe                __neqd
00024956                __nop
00021362                __printfi
00023e91                __rd_ok
0002494e                __register_lock
00024946                __register_unlock
0002474a                __remli
00023194                __remlli
000248cd                __remu
00024392                __remul
00023146                __remull
            00000060    __stack
0002491f                __subd
            00001860    __sys_memory
            00001060    __sysstack
            000030f0    __tmpnams
            000032dc    __unlock
00023e11                __wrt_ok
00024972                _abort
0002202e                _add_device
            00002874    _ascii_pointer
000245b2                _atoi
000246b2                _auto_init
00021912                _binary_to_integer
0002485a                _c_int00
00022ad5                _calloc
00021854                _check_pattern
00022acd                _chkheap
00021fbb                _close
            00002c75    _data_ascii
            00002873    _data_cap_pointer
            00002875    _data_captured
            00003075    _data_next
            00002862    _data_received
            00002872    _data_to_write_int
00021764                _detect_one
000217dc                _detect_zero
0002481c                _exit
0002422e                _fclose
00023f57                _fflush
00021fb2                _find_registered_device
0002310b                _fopen
0002406a                _fputc
000237e8                _fputs
00022646                _free
00022a77                _free_memory
00023042                _freopen
000244e0                _fseek
0002211e                _getenv
            0000286a    _header
            000032d3    _i2c_timeout
00021f4c                _lseek
000241b1                _ltoa
00021965                _main
00022777                _malloc
00022a1d                _max_free
000248e2                _memccpy
000247dd                _memcpy
00022712                _minit
            00003076    _no_match_count
00021e8d                _open
00024662                _printf
0002406a                _putc
00024101                _putchar
0002391d                _puts
00021ddf                _read
00024473                _readmsg
0002286c                _realloc
00024968                _remove
00021da9                _remove_device
00021d50                _rename
00023d2b                _setvbuf
            00003077    _single
00021d1d                _unlink
00021bdb                _write
00023fb0                _writemsg
ffffffff                binit
            00020120    cinit
ffffffff                edata
ffffffff                end
ffffffff                etext
ffffffff                pinit


GLOBAL SYMBOLS: SORTED BY Symbol Address 

abs. value/
byte addr   word addr   name
---------   ---------   ----
00000001                $TI_capability_requires_rev3
00000001                __TI_args_main
00000002                $TI_capability$C5500$CallingConvention
00000002                $TI_capability$C5500$MemoryModel
            00000060    __stack
00001000                __SYSSTACK_SIZE
00002000                __STACK_SIZE
00002000                __SYSMEM_SIZE
            00001060    __STACK_END
            00001060    __sysstack
            00001860    __sys_memory
            00002860    _LEFT_DATA
            00002861    _RIGHT_DATA
            00002862    _data_received
            0000286a    _header
            00002872    _data_to_write_int
            00002873    _data_cap_pointer
            00002874    _ascii_pointer
            00002875    _data_captured
            00002c75    _data_ascii
            00003075    _data_next
            00003076    _no_match_count
            00003077    _single
            00003078    __ftable
            000030f0    __tmpnams
            00003190    __ft_end
            000032d3    _i2c_timeout
            000032da    __lock
            000032dc    __unlock
            000032de    __cleanup_ptr
            000032e0    __dtors_ptr
            000032e2    __ctypes_
00021362                __printfi
000215a4                _AIC3204_rset
000215c6                _AIC3204_config
00021764                _detect_one
000217dc                _detect_zero
00021854                _check_pattern
00021912                _binary_to_integer
00021965                _main
00021bdb                _write
00021d1d                _unlink
00021d50                _rename
00021da9                _remove_device
00021ddf                _read
00021e8d                _open
00021f4c                _lseek
00021fb2                _find_registered_device
00021fbb                _close
0002202e                _add_device
0002211e                _getenv
00022199                _HOSTwrite
00022226                _HOSTunlink
00022290                _HOSTtime
000222ee                _HOSTrename
0002239c                _HOSTread
00022429                _HOSTopen
000224c8                _HOSTlseek
0002257d                _HOSTclose
000225e8                _HOSTclock
00022646                _free
00022712                _minit
00022777                _malloc
0002286c                _realloc
00022a1d                _max_free
00022a77                _free_memory
00022acd                _chkheap
00022ad5                _calloc
00022afb                __divd
00022fe8                __cleanup
00023042                _freopen
0002310b                _fopen
00023146                __remull
00023194                __remlli
000231c3                __mpylli
0002327b                __divull
0002336f                __divlli
000233a4                __addd
000235fe                __neqd
00023632                __lssd
0002367a                __leqd
000236c7                __gtrd
00023712                __geqd
0002375c                __eqld
00023790                __cmpd
000237e8                _fputs
0002391d                _puts
0002394b                _USBSTK5515_GPIO_init
0002394f                _USBSTK5515_GPIO_setDirection
000239cc                _USBSTK5515_GPIO_setOutput
00023a49                _USBSTK5515_GPIO_getInput
00023aa1                __mpyd
00023bed                _USBSTK5515_I2C_init
00023c0c                _USBSTK5515_I2C_close
00023c15                _USBSTK5515_I2C_reset
00023c23                _USBSTK5515_I2C_write
00023cb2                _USBSTK5515_I2C_read
00023d2b                _setvbuf
00023e11                __wrt_ok
00023e91                __rd_ok
00023eee                __doflush
00023f57                _fflush
00023fb0                _writemsg
00024065                C$$IO$$
0002406a                _fputc
0002406a                _putc
00024101                _putchar
00024110                __divul
000241b1                _ltoa
0002422e                _fclose
000242a9                __frcmpyd
0002431f                __frcmpyd_div
00024392                __remul
00024404                __fixdli
00024473                _readmsg
000244e0                _fseek
0002454b                __fltlid
000245b2                _atoi
0002460e                _USBSTK5515_wait
00024642                _USBSTK5515_waitusec
00024654                _USBSTK5515_init
00024662                _printf
000246b2                _auto_init
000246ff                __args_main
0002474a                __remli
00024795                __divli
000247dd                _memcpy
0002481c                _exit
0002485a                _c_int00
0002488e                __fixdi
000248b8                I$$UDIV
000248b8                __divu
000248cd                I$$UMOD
000248cd                __remu
000248e2                _memccpy
00024905                ___isinf
0002491f                __subd
00024933                I$$LMPY
00024933                __mpyli
00024946                __register_unlock
0002494e                __register_lock
00024956                __nop
00024958                __negd
00024968                _remove
00024972                _abort
00024973                C$$EXIT
            00020000    __CIOBUF_
            00020120    ___cinit__
            00020120    cinit
0004fe00                _Reset
ffffffff                .bss
ffffffff                .data
ffffffff                .text
ffffffff                ___binit__
ffffffff                ___bss__
ffffffff                ___c_args__
ffffffff                ___data__
ffffffff                ___edata__
ffffffff                ___end__
ffffffff                ___etext__
ffffffff                ___pinit__
ffffffff                ___text__
ffffffff                binit
ffffffff                edata
ffffffff                end
ffffffff                etext
ffffffff                pinit

[167 symbols]
