******************************************************************************
              TMS320C55x Linker Unix v4.4.1                    
******************************************************************************
>> Linked Wed Feb  8 16:54:18 2017

OUTPUT FILE NAME:   <Lab4_2.out>
ENTRY POINT SYMBOL: "_c_int00"  address: 000206ac


MEMORY CONFIGURATION

         name            origin    length      used     unused   attr    fill
                        (bytes)   (bytes)    (bytes)   (bytes)
----------------------  --------  ---------  --------  --------  ----  --------
PAGE 0:
  MMR                   00000000   000000c0  00000000  000000c0  RWIX
  DARAM0                000000c0   0000ff40  00003118  0000ce28  RWIX
  SARAM0                00010000   00010000  00000000  00010000  RWIX
  SARAM1                00020000   00020000  0000072f  0001f8d1  RWIX
  SARAM2                00040000   0000fe00  0000004e  0000fdb2  RWIX
  VECS                  0004fe00   00000200  00000100  00000100  RWIX
  PDROM                 00ff8000   00008000  00000000  00008000  R IX

PAGE 2:
  IOPORT                00000000   00020000  00000000  00020000  RWI 


SECTION ALLOCATION MAP
(Addresses surrounded by []'s are displayed for convenience only!)

output                                                          attributes/
section   page  orgn(bytes) orgn(words) len(bytes) len(words)   input sections
--------  ----  ----------- ----------- ---------- ----------   --------------
.pinit       0   [ 00040000 ]  00020000          *   00000000   UNINITIALIZED

.stack       0   [ 000000c0 ]  00000060          *   00001000   UNINITIALIZED
                 [ 000000c0 ]  00000060          *   00001000   --HOLE--

.sysstack 
*            0   [ 000020c0 ]  00001060          *   00000800   UNINITIALIZED
                 [ 000020c0 ]  00001060          *   00000800   --HOLE--

.bss         0   [ 000030c0 ]  00001860          *   0000007f   UNINITIALIZED
                 [ 000030c0 ]  00001860          *   00000076   main.obj (.bss)
                 [ 000031ac ]  000018d6          *   00000004   rts55x.lib : _lock.obj (.bss)
                 [ 000031b4 ]  000018da          *   00000004              : exit.obj (.bss)
                 [ 000031bc ]  000018de          *   00000001   usbstk5515bsl.lib : usbstk5515_i2c.obj (.bss)

.data        0   [ 000031c0 ]  000018e0          *   0000000d   
                 [ 000031c0 ]  000018e0          *   0000000d   linearbuff.obj (.data)

.text        0     00020000  [ 00010000 ] 0000072f          *   
                   00020000  [ 00010000 ] 000002b2          *   main.obj (.text)
                   000202b2  [ 00010159 ] 00000156          *   usbstk5515bsl.lib : usbstk5515_gpio.obj (.text)
                   00020408  [ 00010204 ] 0000013e          *                     : usbstk5515_i2c.obj (.text)
                   00020546  [ 000102a3 ] 00000054          *                     : usbstk5515.obj (.text)
                   0002059a  [ 000102cd ] 0000004d          *   rts55x.lib : autoinit.obj (.text)
                   000205e7  [ 000102f3+] 0000004b          *              : args_main.obj (.text)
                   00020632  [ 00010319 ] 0000003e          *              : exit.obj (.text)
                   00020670  [ 00010338 ] 0000003c          *              : idiv.obj (.text)
                   000206ac  [ 00010356 ] 00000034          *              : boot.obj (.text)
                   000206e0  [ 00010370 ] 00000033          *   linearbuff.obj (.text)
                   00020713  [ 00010389+] 00000012          *   rts55x.lib : _lock.obj (.text)
                   00020725  [ 00010392+] 00000007          *              : exit.obj (.text:CIO_breakpoint)
                   0002072c  [ 00010396 ] 00000002          *              : vectors.obj (.text)
                   0002072e  [ 00010397 ] 00000001          *   --HOLE-- [fill = 20]

.cinit       0   [ 00040000 ]  00020000          *   00000027   
                 [ 00040000 ]  00020000          *   0000000e   main.obj (.cinit)
                 [ 0004001c ]  0002000e          *   0000000a   rts55x.lib : _lock.obj (.cinit)
                 [ 00040030 ]  00020018          *   0000000a              : exit.obj (.cinit)
                 [ 00040044 ]  00020022          *   00000004   usbstk5515bsl.lib : usbstk5515_i2c.obj (.cinit)
                 [ 0004004c ]  00020026          *   00000001   --HOLE-- [fill = 0]

vectors      0     0004fe00  [ 00027f00 ] 00000100          *   
                   0004fe00  [ 00027f00 ] 00000100          *   rts55x.lib : vectors.obj (vectors)


GLOBAL SYMBOLS: SORTED ALPHABETICALLY BY Name 

abs. value/
byte addr   word addr   name
---------   ---------   ----
00000002                $TI_capability$C5500$CallingConvention
00000002                $TI_capability$C5500$MemoryModel
00000001                $TI_capability_requires_rev3
ffffffff                .bss
ffffffff                .data
ffffffff                .text
00020726                C$$EXIT
00020670                I$$DIV
0002068f                I$$MOD
0002006d                _AIC3204_config
00020000                _AIC3204_rget
0002004b                _AIC3204_rset
0004fe00                _Reset
000203b0                _USBSTK5515_GPIO_getInput
000202b2                _USBSTK5515_GPIO_init
000202b6                _USBSTK5515_GPIO_setDirection
00020333                _USBSTK5515_GPIO_setOutput
00020427                _USBSTK5515_I2C_close
00020408                _USBSTK5515_I2C_init
000204cd                _USBSTK5515_I2C_read
00020430                _USBSTK5515_I2C_reset
0002043e                _USBSTK5515_I2C_write
0002058c                _USBSTK5515_init
00020546                _USBSTK5515_wait
0002057a                _USBSTK5515_waitusec
            00001060    __STACK_END
00002000                __STACK_SIZE
00001000                __SYSSTACK_SIZE
00000001                __TI_args_main
ffffffff                ___binit__
ffffffff                ___bss__
ffffffff                ___c_args__
            00020000    ___cinit__
ffffffff                ___data__
ffffffff                ___edata__
ffffffff                ___end__
ffffffff                ___etext__
ffffffff                ___pinit__
ffffffff                ___text__
000205e7                __args_main
            000018da    __cleanup_ptr
00020670                __divi
            000018dc    __dtors_ptr
            000018d6    __lock
00020723                __nop
0002071b                __register_lock
00020713                __register_unlock
0002068f                __remi
            00000060    __stack
            00001060    __sysstack
            000018d8    __unlock
00020725                _abort
0002059a                _auto_init
000206ac                _c_int00
            00001864    _coeff
            00001866    _coefs
00020632                _exit
            000018de    _i2c_timeout
            00001860    _inPtr
            00001870    _input
            0000186e    _leftsample
000206e0                _linearbuff
0002020b                _main
            00001862    _outPtr
            00001871    _output
            00001872    _recent_output
            0000186f    _rightsample
            00001869    _sytheticInput
ffffffff                binit
            00020000    cinit
ffffffff                edata
ffffffff                end
ffffffff                etext
ffffffff                pinit


GLOBAL SYMBOLS: SORTED BY Symbol Address 

abs. value/
byte addr   word addr   name
---------   ---------   ----
00000001                $TI_capability_requires_rev3
00000001                __TI_args_main
00000002                $TI_capability$C5500$CallingConvention
00000002                $TI_capability$C5500$MemoryModel
            00000060    __stack
00001000                __SYSSTACK_SIZE
00002000                __STACK_SIZE
            00001060    __STACK_END
            00001060    __sysstack
            00001860    _inPtr
            00001862    _outPtr
            00001864    _coeff
            00001866    _coefs
            00001869    _sytheticInput
            0000186e    _leftsample
            0000186f    _rightsample
            00001870    _input
            00001871    _output
            00001872    _recent_output
            000018d6    __lock
            000018d8    __unlock
            000018da    __cleanup_ptr
            000018dc    __dtors_ptr
            000018de    _i2c_timeout
00020000                _AIC3204_rget
0002004b                _AIC3204_rset
0002006d                _AIC3204_config
0002020b                _main
000202b2                _USBSTK5515_GPIO_init
000202b6                _USBSTK5515_GPIO_setDirection
00020333                _USBSTK5515_GPIO_setOutput
000203b0                _USBSTK5515_GPIO_getInput
00020408                _USBSTK5515_I2C_init
00020427                _USBSTK5515_I2C_close
00020430                _USBSTK5515_I2C_reset
0002043e                _USBSTK5515_I2C_write
000204cd                _USBSTK5515_I2C_read
00020546                _USBSTK5515_wait
0002057a                _USBSTK5515_waitusec
0002058c                _USBSTK5515_init
0002059a                _auto_init
000205e7                __args_main
00020632                _exit
00020670                I$$DIV
00020670                __divi
0002068f                I$$MOD
0002068f                __remi
000206ac                _c_int00
000206e0                _linearbuff
00020713                __register_unlock
0002071b                __register_lock
00020723                __nop
00020725                _abort
00020726                C$$EXIT
            00020000    ___cinit__
            00020000    cinit
0004fe00                _Reset
ffffffff                .bss
ffffffff                .data
ffffffff                .text
ffffffff                ___binit__
ffffffff                ___bss__
ffffffff                ___c_args__
ffffffff                ___data__
ffffffff                ___edata__
ffffffff                ___end__
ffffffff                ___etext__
ffffffff                ___pinit__
ffffffff                ___text__
ffffffff                binit
ffffffff                edata
ffffffff                end
ffffffff                etext
ffffffff                pinit

[74 symbols]
