******************************************************************************
              TMS320C55x Linker PC v4.3.6                      
******************************************************************************
>> Linked Wed Jan 18 15:13:10 2017

OUTPUT FILE NAME:   <Lab2_checkpoints.out>
ENTRY POINT SYMBOL: "_c_int00"  address: 000218a9


MEMORY CONFIGURATION

         name            origin    length      used     unused   attr    fill
                        (bytes)   (bytes)    (bytes)   (bytes)
----------------------  --------  ---------  --------  --------  ----  --------
PAGE 0:
  MMR                   00000000   000000c0  00000000  000000c0  RWIX
  DARAM0                000000c0   0000ff40  00005716  0000a82a  RWIX
  SARAM0                00010000   00010000  00000000  00010000  RWIX
  SARAM1                00020000   00020000  00001916  0001e6ea  RWIX
  SARAM2                00040000   00010000  00000328  0000fcd8  RWIX
  PDROM                 00ff8000   00008000  00000100  00007f00  R IX

PAGE 2:
  IOPORT                00000000   00020000  00000000  00020000  RWI 


SECTION ALLOCATION MAP
(Addresses surrounded by []'s are displayed for convenience only!)

output                                                          attributes/
section   page  orgn(bytes) orgn(words) len(bytes) len(words)   input sections
--------  ----  ----------- ----------- ---------- ----------   --------------
.pinit       0   [ 00040000 ]  00020000          *   00000000   UNINITIALIZED

.stack       0   [ 000000c0 ]  00000060          *   00001000   UNINITIALIZED
                 [ 000000c0 ]  00000060          *   00001000   --HOLE--

.data        0   [ 000000c0 ]  00000060          *   00000000   UNINITIALIZED

.sysstack 
*            0   [ 000020c0 ]  00001060          *   00000800   UNINITIALIZED
                 [ 000020c0 ]  00001060          *   00000800   --HOLE--

.sysmem      0   [ 000030c0 ]  00001860          *   00001000   UNINITIALIZED
                 [ 000030c0 ]  00001860          *   00001000   --HOLE--

.bss.1       0   [ 000050c0 ]  00002860          *   0000035b   UNINITIALIZED
                 [ 000050c0 ]  00002860          *   00000119   rts55x.lib : defs.obj (.bss)
                 [ 000052f2 ]  00002979          *   00000100   squarewv.obj (.bss)
                 [ 000054f2 ]  00002a79          *   000000d0   rts55x.lib : trgdrv.obj (.bss)
                 [ 00005692 ]  00002b49          *   00000001              : fopen.obj (.bss)
                 [ 00005694 ]  00002b4a          *   00000071              : lowlev.obj (.bss)

.bss.2       0   [ 00005778 ]  00002bbc          *   0000000e   UNINITIALIZED
                 [ 00005778 ]  00002bbc          *   00000006   rts55x.lib : memory.obj (.bss)
                 [ 00005784 ]  00002bc2          *   00000004              : _lock.obj (.bss)
                 [ 0000578c ]  00002bc6          *   00000004              : exit.obj (.bss)

.const       0   [ 00005794 ]  00002bca          *   00000022   
                 [ 00005794 ]  00002bca          *   00000020   squarewv.obj (.const:.string)
                 [ 000057d4 ]  00002bea          *   00000002   rts55x.lib : fputs.obj (.const:.string)

.text        0     00020000  [ 00010000 ] 00001916          *   
                   00020000  [ 00010000 ] 00000543          *   rts55x.lib : lowlev.obj (.text)
                   00020543  [ 000102a1+] 00000528          *              : trgdrv.obj (.text)
                   00020a6b  [ 00010535+] 000004b5          *              : memory.obj (.text)
                   00020f20  [ 00010790 ] 0000027f          *              : fopen.obj (.text)
                   0002119f  [ 000108cf+] 00000163          *              : fputs.obj (.text)
                   00021302  [ 00010981 ] 000000e6          *              : setvbuf.obj (.text)
                   000213e8  [ 000109f4 ] 000000dd          *              : _io_perm.obj (.text)
                   000214c5  [ 00010a62+] 000000c2          *              : fflush.obj (.text)
                   00021587  [ 00010ac3+] 000000ba          *              : trgmsg.obj (.text:CIO_breakpoint)
                   00021641  [ 00010b20+] 0000007b          *              : fclose.obj (.text)
                   000216bc  [ 00010b5e ] 0000006d          *              : trgmsg.obj (.text)
                   00021729  [ 00010b94+] 0000006b          *              : fseek.obj (.text)
                   00021794  [ 00010bca ] 0000004d          *              : autoinit.obj (.text)
                   000217e1  [ 00010bf0+] 0000004b          *              : args_main.obj (.text)
                   0002182c  [ 00010c16 ] 0000003f          *              : memcpy.obj (.text)
                   0002186b  [ 00010c35+] 0000003e          *              : exit.obj (.text)
                   000218a9  [ 00010c54+] 00000034          *              : boot.obj (.text)
                   000218dd  [ 00010c6e+] 00000013          *   squarewv.obj (.text)
                   000218f0  [ 00010c78 ] 00000012          *   rts55x.lib : _lock.obj (.text)
                   00021902  [ 00010c81 ] 0000000a          *              : remove.obj (.text)
                   0002190c  [ 00010c86 ] 00000007          *              : exit.obj (.text:CIO_breakpoint)
                   00021913  [ 00010c89+] 00000002          *              : vectors.obj (.text)
                   00021915  [ 00010c8a ] 00000001          *   --HOLE-- [fill = 20]

.cio         0   [ 00040000 ]  00020000          *   00000120   UNINITIALIZED
                 [ 00040000 ]  00020000          *   00000120   rts55x.lib : trgmsg.obj (.cio)

.cinit       0   [ 00040240 ]  00020120          *   00000074   
                 [ 00040240 ]  00020120          *   0000002d   rts55x.lib : lowlev.obj (.cinit)
                 [ 0004029a ]  0002014d          *   0000002a              : defs.obj (.cinit)
                 [ 000402ee ]  00020177          *   0000000a              : _lock.obj (.cinit)
                 [ 00040302 ]  00020181          *   0000000a              : exit.obj (.cinit)
                 [ 00040316 ]  0002018b          *   00000004              : fopen.obj (.cinit)
                 [ 0004031e ]  0002018f          *   00000004              : memory.obj (.cinit)
                 [ 00040326 ]  00020193          *   00000001   --HOLE-- [fill = 0]

vectors      0     00ffff00  [ 007fff80 ] 00000100          *   
                   00ffff00  [ 007fff80 ] 00000100          *   rts55x.lib : vectors.obj (vectors)


GLOBAL SYMBOLS: SORTED ALPHABETICALLY BY Name 

abs. value/
byte addr   word addr   name
---------   ---------   ----
00000002                $TI_capability$C5500$CallingConvention
00000002                $TI_capability$C5500$MemoryModel
00000001                $TI_capability_requires_rev3
ffffffff                .bss
ffffffff                .data
ffffffff                .text
0002190d                C$$EXIT
0002163c                C$$IO$$
00020a0d                _HOSTclock
000209a2                _HOSTclose
000208ed                _HOSTlseek
0002084e                _HOSTopen
000207c1                _HOSTread
00020713                _HOSTrename
000206b5                _HOSTtime
0002064b                _HOSTunlink
000205be                _HOSTwrite
00ffff00                _Reset
            00020000    __CIOBUF_
            00001060    __STACK_END
00002000                __STACK_SIZE
00002000                __SYSMEM_SIZE
00001000                __SYSSTACK_SIZE
ffffffff                ___binit__
ffffffff                ___bss__
ffffffff                ___c_args__
            00020120    ___cinit__
ffffffff                ___data__
ffffffff                ___edata__
ffffffff                ___end__
ffffffff                ___etext__
ffffffff                ___pinit__
ffffffff                ___text__
000217e1                __args_main
00021041                __cleanup
            00002bc6    __cleanup_ptr
000214c5                __doflush
            00002bc8    __dtors_ptr
            00002978    __ft_end
            00002860    __ftable
            00002bc2    __lock
00021900                __nop
00021468                __rd_ok
000218f8                __register_lock
000218f0                __register_unlock
            00000060    __stack
            00001860    __sys_memory
            00001060    __sysstack
            000028d8    __tmpnams
            00002bc4    __unlock
000213e8                __wrt_ok
0002190c                _abort
00020453                _add_device
00021794                _auto_init
000218a9                _c_int00
00020efa                _calloc
00020ef2                _chkheap
000203e0                _close
0002186b                _exit
00021641                _fclose
0002152e                _fflush
000203d7                _find_registered_device
00021164                _fopen
0002119f                _fputs
00020a6b                _free
00020e9c                _free_memory
0002109b                _freopen
00021729                _fseek
00020543                _getenv
00020371                _lseek
000218dd                _main
00020b9c                _malloc
00020e42                _max_free
0002182c                _memcpy
00020b37                _minit
000202b2                _open
000212d4                _puts
00020204                _read
000216bc                _readmsg
00020c91                _realloc
00021902                _remove
000201ce                _remove_device
00020175                _rename
00021302                _setvbuf
00020142                _unlink
00020000                _write
00021587                _writemsg
            00002979    _x
ffffffff                binit
            00020120    cinit
ffffffff                edata
ffffffff                end
ffffffff                etext
ffffffff                pinit


GLOBAL SYMBOLS: SORTED BY Symbol Address 

abs. value/
byte addr   word addr   name
---------   ---------   ----
00000001                $TI_capability_requires_rev3
00000002                $TI_capability$C5500$CallingConvention
00000002                $TI_capability$C5500$MemoryModel
            00000060    __stack
00001000                __SYSSTACK_SIZE
00002000                __STACK_SIZE
00002000                __SYSMEM_SIZE
            00001060    __STACK_END
            00001060    __sysstack
            00001860    __sys_memory
            00002860    __ftable
            000028d8    __tmpnams
            00002978    __ft_end
            00002979    _x
            00002bc2    __lock
            00002bc4    __unlock
            00002bc6    __cleanup_ptr
            00002bc8    __dtors_ptr
00020000                _write
00020142                _unlink
00020175                _rename
000201ce                _remove_device
00020204                _read
000202b2                _open
00020371                _lseek
000203d7                _find_registered_device
000203e0                _close
00020453                _add_device
00020543                _getenv
000205be                _HOSTwrite
0002064b                _HOSTunlink
000206b5                _HOSTtime
00020713                _HOSTrename
000207c1                _HOSTread
0002084e                _HOSTopen
000208ed                _HOSTlseek
000209a2                _HOSTclose
00020a0d                _HOSTclock
00020a6b                _free
00020b37                _minit
00020b9c                _malloc
00020c91                _realloc
00020e42                _max_free
00020e9c                _free_memory
00020ef2                _chkheap
00020efa                _calloc
00021041                __cleanup
0002109b                _freopen
00021164                _fopen
0002119f                _fputs
000212d4                _puts
00021302                _setvbuf
000213e8                __wrt_ok
00021468                __rd_ok
000214c5                __doflush
0002152e                _fflush
00021587                _writemsg
0002163c                C$$IO$$
00021641                _fclose
000216bc                _readmsg
00021729                _fseek
00021794                _auto_init
000217e1                __args_main
0002182c                _memcpy
0002186b                _exit
000218a9                _c_int00
000218dd                _main
000218f0                __register_unlock
000218f8                __register_lock
00021900                __nop
00021902                _remove
0002190c                _abort
0002190d                C$$EXIT
            00020000    __CIOBUF_
            00020120    ___cinit__
            00020120    cinit
00ffff00                _Reset
ffffffff                .bss
ffffffff                .data
ffffffff                .text
ffffffff                ___binit__
ffffffff                ___bss__
ffffffff                ___c_args__
ffffffff                ___data__
ffffffff                ___edata__
ffffffff                ___end__
ffffffff                ___etext__
ffffffff                ___pinit__
ffffffff                ___text__
ffffffff                binit
ffffffff                edata
ffffffff                end
ffffffff                etext
ffffffff                pinit

[94 symbols]
